CONVEX_AGENT_MODE=anonymous mode is in beta, functionality may change in the future.
▌ Developing against deployment:
▌ [Local] Port 3810 • No Convex account (run npx convex login to link to a project)
▌ └─ http://127.0.0.1:3810
- Preparing Convex functions...

Convex AI files are not installed. Run npx convex ai-files install to get started or npx convex ai-files disable to hide this message.
✔ 09:48:39 Convex functions ready! (730.93ms)
DEPRECATED: The legacy builder is deprecated and will be removed in a future release.
            Install the buildx component to build images with BuildKit:
            https://docs.docker.com/go/buildx/

PASS isolation: each tenant sandbox sees only its own workspace, no network, no host paths or secrets
PASS missing cap means zero: no executor cap refuses before any reservation
PASS concurrent reservations never exceed org or global hard caps
PASS org kill switch stops the running sandbox within the bound, refuses queued work, leaves the other tenant running
PASS cancel stops a running sandbox; a result reported after cancel is recorded as late and has no effect
PASS a result reported after the org kill switch has no effect
PASS global kill switch stops every running sandbox within the bound and refuses new runs
PASS missing usage report fails closed for that tenant only
PASS token overshoot and duration limits stop the sandbox and fail visibly
exit=0
