node:internal/modules/run_main:107
    triggerUncaughtException(
    ^

AssertionError [ERR_ASSERTION]: Expected values to be strictly deep-equal:
+ actual - expected

  {
    city: 'Own city',
+   name: 'Delegated name'
  }

    at file:///Users/urkel/Documents/CodeMyVibe/Projects/remold-i1/ops/authority/service-agents.mjs:58:49
    at process.processTicksAndRejections (node:internal/process/task_queues:104:5)
    at async test (file:///Users/urkel/Documents/CodeMyVibe/Projects/remold-i1/ops/authority/service.mjs:21:76)
    at async Object.replayAgents [as agents] (file:///Users/urkel/Documents/CodeMyVibe/Projects/remold-i1/ops/authority/service-agents.mjs:46:3)
    at async withAuthority.safetySim (file:///Users/urkel/Documents/CodeMyVibe/Projects/remold-i1/ops/authority/service.mjs:56:84)
    at async withAuthority (file:///Users/urkel/Documents/CodeMyVibe/Projects/remold-i1/ops/authority/local.mjs:75:20)
    at async file:///Users/urkel/Documents/CodeMyVibe/Projects/remold-i1/ops/authority/service.mjs:17:16 {
  generatedMessage: true,
  code: 'ERR_ASSERTION',
  actual: { city: 'Own city', name: 'Delegated name' },
  expected: { city: 'Own city' },
  operator: 'deepStrictEqual',
  diff: 'simple'
}

Node.js v24.18.0
