
 RUN  v5.0.1 /Users/urkel/Documents/CodeMyVibe/Projects/remold-i1

 ❯ ops/authority/oracles.test.ts (7 tests | 1 failed) 363ms
   × name matching still finds a readable record when many unreadable near-matches outrank it 30ms

 Test Files  1 failed | 16 passed (17)
      Tests  1 failed | 90 passed (91)
   Start at  08:23:28
   Duration  1.00s (tests 78%, transform 13%, import 9%, worker 1%)

[ELIFECYCLE] Command failed with exit code 1.
$ vitest run --config ops/authority/vitest.config.ts

⎯⎯⎯⎯⎯⎯⎯ Failed Tests 1 ⎯⎯⎯⎯⎯⎯⎯

 FAIL  ops/authority/oracles.test.ts > name matching still finds a readable record when many unreadable near-matches outrank it
AssertionError: expected { ok: false, error: { …(2) } } to match object { ok: true, value: { …(2) } }
(3 matching properties omitted from actual)

- Expected
+ Received

  {
-   "ok": true,
-   "value": {
-     "companyCreated": false,
-     "recordId": "0000000000000000000010102records",
-   },
+   "ok": false,
  }

 ❯ ops/authority/oracles.test.ts:106:123


⎯⎯⎯⎯⎯⎯⎯⎯⎯⎯⎯⎯⎯⎯⎯⎯⎯⎯⎯⎯⎯⎯⎯⎯[1/1]⎯

