
 RUN  v5.0.1 /tmp/D-base

 × convex/agentAccess.test.ts > agent object access > an agent made before an object existed cannot read it, can after Let it read, and loses it, with any in-flight proposal, when removed 1263ms
   → expected undefined to deeply equal [ 'venue' ]
 × convex/agentAccess.test.ts > agent object access > reading all objects covers objects added later, and hidden fields stay hidden 60ms
   → Expected a Convex function exported from module "agents" as `setReadAccess`, but there is no such export.
 × convex/agentAccess.test.ts > agent object access > reading never implies writing, and removing read drops write grants so reading again does not bring them back 47ms
   → Expected a Convex function exported from module "agents" as `setReadAccess`, but there is no such export.
 × convex/agentAccess.test.ts > agent object access > only unrestricted admins change access, for live agents with no fixed job, to objects in their own workspace 44ms
   → expected Error: Expected a Convex function exporte… to match object { data: { code: 'FORBIDDEN' } }
 × convex/agentAccess.test.ts > agent object access > an agent learns what it can read from /me 37ms
   → expected undefined to be false // Object.is equality
 × convex/agentAccess.test.ts > agent object access > an agent made before Email existed drafts an email and reads the campaign report once an admin lets it read Email 113ms
   → expected undefined to deeply equal [ 'email' ]

⎯⎯⎯⎯⎯⎯⎯ Failed Tests 6 ⎯⎯⎯⎯⎯⎯⎯

 FAIL  convex/agentAccess.test.ts > agent object access > an agent made before an object existed cannot read it, can after Let it read, and loses it, with any in-flight proposal, when removed
AssertionError: expected undefined to deeply equal [ 'venue' ]

- Expected:
[
  "venue",
]

+ Received:
undefined

 ❯ convex/agentAccess.test.ts:33:31
     31|     expect((await call("POST", "/api/v1/suggestions", { action: "creat…
     32|     const before = await listed(client, orgId, agent.agentId);
     33|     expect(before.cannotRead).toEqual(["venue"]);
       |                               ^
     34|
     35|     await setAccess(client, orgId, agent.agentId, false, [...before.re…

⎯⎯⎯⎯⎯⎯⎯⎯⎯⎯⎯⎯⎯⎯⎯⎯⎯⎯⎯⎯⎯⎯⎯⎯[1/6]⎯

 FAIL  convex/agentAccess.test.ts > agent object access > reading all objects covers objects added later, and hidden fields stay hidden
Error: Expected a Convex function exported from module "agents" as `setReadAccess`, but there is no such export.
 ❯ resolveFunction ../../home/old-mac-pro/work/jobs/D-access/node_modules/.pnpm/convex-test@0.0.59_convex@1.46.0_@clerk+clerk-react@5.61.3_react-dom@19.3.0_react@19.3.0__react@19.3.0__react@19.3.0_/node_modules/convex-test/dist/index.js:2401:15
 ❯ Object.mutationFromPath ../../home/old-mac-pro/work/jobs/D-access/node_modules/.pnpm/convex-test@0.0.59_convex@1.46.0_@clerk+clerk-react@5.61.3_react-dom@19.3.0_react@19.3.0__react@19.3.0__react@19.3.0_/node_modules/convex-test/dist/index.js:2131:34
 ❯ mutation ../../home/old-mac-pro/work/jobs/D-access/node_modules/.pnpm/convex-test@0.0.59_convex@1.46.0_@clerk+clerk-react@5.61.3_react-dom@19.3.0_react@19.3.0__react@19.3.0__react@19.3.0_/node_modules/convex-test/dist/index.js:2181:20
 ❯ convex/agentAccess.test.ts:52:5
     50|     const { t, client, orgId } = await userAndOrg();
     51|     const agent = await agentFor(client, orgId, { name: "all" }), call…
     52|     await setAccess(client, orgId, agent.agentId, true, []);
       |     ^
     53|     const v = await venue(client, orgId);
     54|     expect(await listed(client, orgId, agent.agentId)).toMatchObject({…

⎯⎯⎯⎯⎯⎯⎯⎯⎯⎯⎯⎯⎯⎯⎯⎯⎯⎯⎯⎯⎯⎯⎯⎯[2/6]⎯

 FAIL  convex/agentAccess.test.ts > agent object access > reading never implies writing, and removing read drops write grants so reading again does not bring them back
Error: Expected a Convex function exported from module "agents" as `setReadAccess`, but there is no such export.
 ❯ resolveFunction ../../home/old-mac-pro/work/jobs/D-access/node_modules/.pnpm/convex-test@0.0.59_convex@1.46.0_@clerk+clerk-react@5.61.3_react-dom@19.3.0_react@19.3.0__react@19.3.0__react@19.3.0_/node_modules/convex-test/dist/index.js:2401:15
 ❯ Object.mutationFromPath ../../home/old-mac-pro/work/jobs/D-access/node_modules/.pnpm/convex-test@0.0.59_convex@1.46.0_@clerk+clerk-react@5.61.3_react-dom@19.3.0_react@19.3.0__react@19.3.0__react@19.3.0_/node_modules/convex-test/dist/index.js:2131:34
 ❯ mutation ../../home/old-mac-pro/work/jobs/D-access/node_modules/.pnpm/convex-test@0.0.59_convex@1.46.0_@clerk+clerk-react@5.61.3_react-dom@19.3.0_react@19.3.0__react@19.3.0__react@19.3.0_/node_modules/convex-test/dist/index.js:2181:20
 ❯ convex/agentAccess.test.ts:71:5
     69|     const agent = await agentFor(client, orgId, { name: "reader" }), c…
     70|     const v = await venue(client, orgId), base = (await listed(client,…
     71|     await setAccess(client, orgId, agent.agentId, true, []);
       |     ^
     72|     const create = () => call("POST", "/api/v1/changes", { action: "cr…
     73|     expect((await create()).status).toBe(403);

⎯⎯⎯⎯⎯⎯⎯⎯⎯⎯⎯⎯⎯⎯⎯⎯⎯⎯⎯⎯⎯⎯⎯⎯[3/6]⎯

 FAIL  convex/agentAccess.test.ts > agent object access > only unrestricted admins change access, for live agents with no fixed job, to objects in their own workspace
AssertionError: expected Error: Expected a Convex function exporte… to match object { data: { code: 'FORBIDDEN' } }

- Expected
+ Received

- {
-   "data": {
-     "code": "FORBIDDEN",
-   },
+ Error {
+   "message": "Expected a Convex function exported from module \"agents\" as `setReadAccess`, but there is no such export.",
  }

 ❯ convex/agentAccess.test.ts:91:67
     89|     const agent = await agentFor(client, orgId, { name: "worker" }), v…
     90|     const { client: plain } = await member(t, orgId, "member");
     91|     await expect(setAccess(plain, orgId, agent.agentId, true, [])).rej…
       |                                                                   ^
     92|     const { client: admin, memberId } = await member(t, orgId, "admin"…
     93|     await setAccess(admin, orgId, agent.agentId, false, [v.objectId]);

⎯⎯⎯⎯⎯⎯⎯⎯⎯⎯⎯⎯⎯⎯⎯⎯⎯⎯⎯⎯⎯⎯⎯⎯[4/6]⎯

 FAIL  convex/agentAccess.test.ts > agent object access > an agent learns what it can read from /me
AssertionError: expected undefined to be false // Object.is equality

- Expected:
false

+ Received:
undefined

 ❯ convex/agentAccess.test.ts:117:38
    115|     const v = await venue(client, orgId);
    116|     const me = (await call("GET", "/api/v1/me")).json;
    117|     expect(me.agent.readsAllObjects).toBe(false);
       |                                      ^
    118|     expect(me.agent.readableObjects).toContain("person");
    119|     expect(me.agent.readableObjects).not.toContain("venue");

⎯⎯⎯⎯⎯⎯⎯⎯⎯⎯⎯⎯⎯⎯⎯⎯⎯⎯⎯⎯⎯⎯⎯⎯[5/6]⎯

 FAIL  convex/agentAccess.test.ts > agent object access > an agent made before Email existed drafts an email and reads the campaign report once an admin lets it read Email
AssertionError: expected undefined to deeply equal [ 'email' ]

- Expected:
[
  "email",
]

+ Received:
undefined

 ❯ convex/agentAccess.test.ts:144:69
    142|     expect((await call("POST", "/api/v1/suggestions", draft)).status).…
    143|     expect((await call("GET", `/api/v1/campaigns/${campaignId}/report`…
    144|     expect((await listed(client, orgId, agent.agentId)).cannotRead).to…
       |                                                                     ^
    145|
    146|     const { readObjectIds } = await listed(client, orgId, agent.agentI…

⎯⎯⎯⎯⎯⎯⎯⎯⎯⎯⎯⎯⎯⎯⎯⎯⎯⎯⎯⎯⎯⎯⎯⎯[6/6]⎯


 Test Files  1 failed (1)
      Tests  6 failed (6)
   Start at  09:04:44
   Duration  2.61s (tests 64%, transform 29%, import 7%)

