PASS Real JWT verification derives human identity and rejects invalid audience and expired tokens
PASS Production dispatch records cancelled late acceptance exactly once
PASS SERVICE transaction races reserve organization budget and concurrency once
PASS SERVICE cross-tenant collision leaves the losing account and organization unchanged
PASS Payload edits invalidate immutable approval; destination and schedule are enforced
PASS One-use expiring permit and server scheduled crash recovery retain consumed uncertainty
PASS Readonly between claim and permit stops sends but permits truthful receipt settlement
PASS Missing usage pauses cheaper work until authoritative usage settles exactly once
PASS Actual overrun records the full cost and blocks continuation and new spending
PASS Final absence targets only the current unresolved logical step, then late truth is held as anomaly
PASS Provisional absence permits only same-key retry and old-fence truthful settlement
PASS Receipt collisions persist a durable anomaly instead of rolling it back with an exception
PASS Readonly safety refund races reserve paid headroom transactionally; receipts settle once (SIM provider)
PASS Human safety rejects expired JWT and same-transaction membership epoch changes (SIM provider)
PASS Client recurring cancel is a distinct zero-amount command with no new collection authority (SIM provider)
PASS Two exact refund receipts exhaust the paid amount; one receipt cannot settle two operations
PASS Outside pending refunds hold headroom; an authoritative failed receipt releases only that receipt
PASS Matched pending receipt replaces its local hold; late acknowledgement cannot overwrite fetched failure
PASS Incomplete reconciliation blocks new safety consume and preserves unknown local holds
PASS General refund and recurring-cancel dispatch refuse the safety-ledger bypass
PASS Only capability-specific finality with a complete post-consume lookup releases an unknown refund
PASS Propose-mode external authority still requires human approval; currency and binding scopes cannot widen
PASS Every approval material field invalidates the reviewed version
PASS Actual human approver role downgrade invalidates already-approved dispatch
PASS Final permit rechecks missing usage discovered after a different operation was claimed
PASS Human adoption creates a new attributed command while preserving the fired agent original
PASS Actual authenticated callback payload deduplicates, rejects changed content and scopes suppression to recipient/channel/purpose
PASS Provision deletion wins before and after acknowledgement; tuple collision cannot replace recipient
PASS Durable cursor keeps partial checkpoint, rejects page gaps and permits only the next committed traversal
PASS Same external ID under different provider instances stays isolated per connection
PASS Actual human, REST, history, suggestions, CSV, lookup titles and operation DTOs share current masks
PASS External scoped agent uses actual HTTP authority; firing stops new permits and preserves one issued tail
PASS Delegation revocation changes actual REST read projection while independent human grants survive
MEASURE subscription mask propagation ms 15.23
PASS Existing human subscription loses masked field within the 2-second target on real backend
PASS Concurrent duplicate logical proposals and claims yield one operation and reservation
PASS Global spend, concurrency and per-run ceilings serialize across distinct tenants
PASS Continuation reduces per-call exposure and old fence cannot consume the next step
PASS Final permit refuses expired approval without relying on asynchronous sweeps
PASS Unresolved prior consumed attempt survives failure and releases only after final current-step absence
PASS Unresolved prior consumed attempt survives expiry and releases only after final current-step absence
PASS Unresolved prior consumed attempt survives sweep and releases only after final current-step absence
PASS Durable cancellation survives rejection and absence false
PASS Durable cancellation survives rejection and absence true
PASS Unconsumed unknown does not manufacture provider uncertainty; expiry recovers false
PASS Unconsumed unknown does not manufacture provider uncertainty; expiry recovers true
PASS Single-step overrun remains confirmed and retained missing usage cannot be cancelled away false
PASS Single-step overrun remains confirmed and retained missing usage cannot be cancelled away true
PASS Invalid secret references and disabled account health fail closed without exposing opaque handles
PASS Invalid provider and secret references fail closed
SCANNED SECRET-HYGIENE TABLES README.md,_tables/documents.jsonl,_components/rateLimiter/_components/batchWorker/_tables/documents.jsonl,_components/rateLimiter/_tables/documents.jsonl,_components/rateLimiter/_components/batchWorker/workerState/documents.jsonl,_components/rateLimiter/_components/batchWorker/workerState/generated_schema.jsonl,_components/rateLimiter/_components/batchWorker/workers/documents.jsonl,_components/rateLimiter/_components/batchWorker/workers/generated_schema.jsonl,opsEvents/documents.jsonl,opsEvents/generated_schema.jsonl,_components/rateLimiter/pendingUpdates/documents.jsonl,_components/rateLimiter/pendingUpdates/generated_schema.jsonl,links/documents.jsonl,links/generated_schema.jsonl,agentInbox/documents.jsonl,agentInbox/generated_schema.jsonl,opsProbes/documents.jsonl,opsProbes/generated_schema.jsonl,integrationProviders/documents.jsonl,integrationProviders/generated_schema.jsonl,invites/documents.jsonl,invites/generated_schema.jsonl,suggestions/documents.jsonl,suggestions/generated_schema.jsonl,integrationObservations/documents.jsonl,integrationObservations/generated_schema.jsonl,integrationCallbacks/documents.jsonl,integrationCallbacks/generated_schema.jsonl,_components/rateLimiter/rateLimits/documents.jsonl,_components/rateLimiter/rateLimits/generated_schema.jsonl,consent/documents.jsonl,consent/generated_schema.jsonl,events/documents.jsonl,events/generated_schema.jsonl,records/documents.jsonl,records/generated_schema.jsonl,opsMetrics/documents.jsonl,opsMetrics/generated_schema.jsonl,safetyTargets/documents.jsonl,safetyTargets/generated_schema.jsonl,agents/documents.jsonl,agents/generated_schema.jsonl,integrationReceipts/documents.jsonl,integrationReceipts/generated_schema.jsonl,capabilityGrants/documents.jsonl,capabilityGrants/generated_schema.jsonl,integrationPages/documents.jsonl,integrationPages/generated_schema.jsonl,authorityAudit/documents.jsonl,authorityAudit/generated_schema.jsonl,integrationCursors/documents.jsonl,integrationCursors/generated_schema.jsonl,members/documents.jsonl,members/generated_schema.jsonl,integrationLookups/documents.jsonl,integrationLookups/generated_schema.jsonl,users/documents.jsonl,users/generated_schema.jsonl,integrationIntents/documents.jsonl,integrationIntents/generated_schema.jsonl,usageBudgets/documents.jsonl,usageBudgets/generated_schema.jsonl,integrationBindings/documents.jsonl,integrationBindings/generated_schema.jsonl,integrationConnections/documents.jsonl,integrationConnections/generated_schema.jsonl,orgs/documents.jsonl,orgs/generated_schema.jsonl,objects/documents.jsonl,objects/generated_schema.jsonl,integrationOps/documents.jsonl,integrationOps/generated_schema.jsonl,integrationEvents/documents.jsonl,integrationEvents/generated_schema.jsonl,fields/documents.jsonl,fields/generated_schema.jsonl
PASS Callback, adapter, REST and ops logs reveal no secrets
PASS H0#1 H0#9 cross-connection adapters cannot touch another connection tuple
PASS H0#1 foreign owners cannot mutate known IDs and actor injection is rejected
PASS H0#4 H0#5 H0#13 H0#16 H0#29 stale delegated fences fail while an independent root survives
PASS H0#7 expired grant denies final permit without a lifecycle sweep
PASS H0#2 H0#3 delegation cannot widen limits, manage outside scope, or return to an ancestor
PASS H0#15 H0#24 H0#25 H0#36 H0#37 absence and overrun hold claims until an operator clears the anomaly
PASS H0#30 H0#31 H0#32 H0#33 global exposure holds a second tenant until late truth settles
PASS H0#18 H0#19 readonly accepts suppression and adoption after a fired agent
PASS H0#21 H0#23 H0#27 cursors, cancellation and consent isolation stay fenced
PASS H0#6 H0#14 agents cannot read foreign operations and a reclaimed fence rejects the old permit
PASS H0#42 H0#43 old consumed fence for the same unresolved step still supports provisional absence
READONLY SWEEP {"agents:create":"refused: Workspace is read only","agents:setGrants":"refused: Workspace is read only","agents:setSharedInbox":"refused: Workspace is read only","agents:createScoped":"refused: Workspace is read only","authority/grants:grant":"refused: Workspace is read only","capture:save":"refused: Workspace is read only","csv:importRows":"refused: Workspace is read only","fields:create":"refused: Workspace is read only","fields:update":"refused: Workspace is read only","fields:retire":"refused: Workspace is read only","inbox:add":"refused: Workspace is read only","inbox:remove":"refused: Workspace is read only","integrations/bindings:provision":"refused: Workspace is read only","integrations/commands:proposeHuman":"refused: Workspace is read only","integrations/commands:editHuman":"refused: Workspace is read only","integrations/commands:approve":"refused: Workspace is read only","integrations/commands:claimHuman":"refused: Workspace is read only","integrations/commands:adopt":"refused: Workspace is read only","integrations/connections:connect":"refused: Workspace is read only","invites:create":"refused: Workspace is read only","invites:accept":"refused: Workspace is read only","objects:create":"refused: Workspace is read only","orgs:rename":"refused: Workspace is read only","orgs:setRole":"refused: Workspace is read only","records:create":"refused: Workspace is read only","records:update":"refused: Workspace is read only","records:remove":"refused: Workspace is read only","seed:demo":"refused: Workspace is read only","suggestions:apply":"refused: Workspace is read only","suggestions:adopt":"refused: Workspace is read only","HTTP POST /api/v1/changes":"403 {\"error\":{\"code\":\"FORBIDDEN\",\"message\":\"Workspace is read only\"}}","HTTP POST /api/v1/suggestions":"403 {\"error\":{\"code\":\"FORBIDDEN\",\"message\":\"Workspace is read only\"}}","HTTP POST /api/v1/inbox":"403 {\"error\":{\"code\":\"FORBIDDEN\",\"message\":\"Workspace is read only\"}}","HTTP POST /api/v1/inbox/:id/resolve":"403 {\"error\":{\"code\":\"FORBIDDEN\",\"message\":\"Workspace is read only\"}}","HTTP POST /api/v1/operations":"403 {\"error\":{\"code\":\"FORBIDDEN\",\"message\":\"Workspace is read only\"}}","HTTP POST /api/v1/operations/:id/edit":"403 {\"error\":{\"code\":\"FORBIDDEN\",\"message\":\"Workspace is read only\"}}","HTTP POST /api/v1/operations/:id/claim":"403 {\"error\":{\"code\":\"FORBIDDEN\",\"message\":\"Workspace is read only\"}}","HTTP POST /api/v1/authority/grant":"403 {\"error\":{\"code\":\"FORBIDDEN\",\"message\":\"Workspace is read only\"}}","integrations/outcomes:operatorResolveUnknown":"allowed","integrations/safety:prepare":"allowed","integrations/safety:consume":"allowed","agents:revoke":"allowed","authority/grants:revoke":"allowed","authority/policies:setMember":"allowed","authority/policies:setAgentMasks":"allowed","integrations/commands:cancelHuman":"allowed","integrations/connections:disconnect":"allowed","orgs:removeMember":"allowed","orgs:leave":"allowed","suggestions:dismiss":"allowed","HTTP POST /api/v1/operations/:id/cancel":"200 null"}
PASS Readonly workspace refuses every public human write and every agent REST write
PASS Hidden field value never appears in any human query or agent REST read
INTERNAL READONLY SWEEP {"integrations/connections:registerSecret":"refused: ✖ Failed to run function \"integrations/connections:registerSecret\":\nConvexError: [Request ID: 987827cca042e7c4] Server Error\nUncaught ConvexError: {\"code\":\"FORBIDDEN\",\"message\":\"Workspace is read only\"}\n    at fail (../../convex/errors.ts:7:0)\n    at writable (../../convex/authority/readonly.ts:11:0","integrations/budgets:configure":"refused: ✖ Failed to run function \"integrations/budgets:configure\":\nConvexError: [Request ID: b9f19e93e7bcd93e] Server Error\nUncaught ConvexError: {\"code\":\"FORBIDDEN\",\"message\":\"Workspace is read only\"}\n    at fail (../../convex/errors.ts:7:0)\n    at writable (../../convex/authority/readonly.ts:11:0)\n    at ","seed:ensureStandard":"refused: ✖ Failed to run function \"seed:ensureStandard\":\nConvexError: [Request ID: a15e513c748bfc60] Server Error\nUncaught ConvexError: {\"code\":\"FORBIDDEN\",\"message\":\"Workspace is read only\"}\n    at fail (../../convex/errors.ts:7:0)\n    at writable (../../convex/authority/readonly.ts:11:0)\n    at async handl","seed:backfillRefs":"refused: ✖ Failed to run function \"seed:backfillRefs\":\nConvexError: [Request ID: 7db229db95414d7d] Server Error\nUncaught ConvexError: {\"code\":\"FORBIDDEN\",\"message\":\"Workspace is read only\"}\n    at fail (../../convex/errors.ts:7:0)\n    at writable (../../convex/authority/readonly.ts:11:0)\n    at async handler","seed:releaseStandardSlots":"refused: ✖ Failed to run function \"seed:releaseStandardSlots\":\nConvexError: [Request ID: dd3b4382b29e920f] Server Error\nUncaught ConvexError: {\"code\":\"FORBIDDEN\",\"message\":\"Workspace is read only\"}\n    at fail (../../convex/errors.ts:7:0)\n    at writable (../../convex/authority/readonly.ts:11:0)\n    at async","seed:demoAs":"refused: ✖ Failed to run function \"seed:demoAs\":\nConvexError: [Request ID: 1e9d11f22eb28958] Server Error\nUncaught ConvexError: {\"code\":\"FORBIDDEN\",\"message\":\"Workspace is read only\"}\n    at fail (../../convex/errors.ts:7:0)\n    at writable (../../convex/authority/readonly.ts:11:0)\n    at async applyChange (","agents:createAs":"refused: ✖ Failed to run function \"agents:createAs\":\nConvexError: [Request ID: b595d3a354660181] Server Error\nUncaught ConvexError: Uncaught ConvexError: {\"code\":\"FORBIDDEN\",\"message\":\"Workspace is read only\"}\n    at fail (../../convex/errors.ts:7:0)\n    at writable (../../convex/authority/readonly.ts:11:0)\n","authority/migration:freeze":"allowed","authority/migration:migrateAgent":"allowed","integrations/budgets:clearAnomaly":"allowed","integrations/connections:registerProvider":"allowed","HTTP POST /api/integrations/v1/bind":"allowed","HTTP POST /api/integrations/v1/page":"allowed","HTTP POST /api/integrations/v1/callback":"allowed","ops:setFlag":"allowed"}
PASS Operator-internal and adapter paths behave under readonly exactly as the inventory labels them
exit 0
