
[1m[30m[46m RUN [49m[39m[22m [36mv5.0.1 [39m[90m/private/var/folders/9g/lc9sprl94dl4d7x2lvtbspc80000gn/T/remold-authority-mutations-epsvTM[39m

 [31m❯[39m ops/authority/operations.test.ts [2m([22m[2m7 tests[22m[2m | [22m[31m1 failed[39m[2m)[22m[32m 114[2mms[22m[39m
   [32m✓[39m an ungranted scoped agent cannot submit an external proposal[32m 64[2mms[22m[39m
[31m   [31m×[31m cancelled consumed work retains unknown cost, refuses new dispatch, and records late cost once[39m[32m 19[2mms[22m[39m
   [32m✓[39m settled old-step absence cannot release the current unknown step[32m 8[2mms[22m[39m
   [32m✓[39m missing usage blocks cheaper new work and authoritative usage settles exactly once[32m 7[2mms[22m[39m
   [32m✓[39m provider finality defaults denied and operator override preserves unexpected late truth[32m 7[2mms[22m[39m
   [32m✓[39m removing and rejoining a human does not revive the prior approval or operation[32m 4[2mms[22m[39m
   [32m✓[39m an authority sweep preserves an unrelated valid proposal awaiting approval[32m 4[2mms[22m[39m

[2m Test Files [22m [1m[31m1 failed[39m[22m[90m (1)[39m
[2m      Tests [22m [1m[31m1 failed[39m[22m[2m | [22m[1m[32m6 passed[39m[22m[90m (7)[39m
[2m   Start at [22m 10:16:00
[2m   Duration [22m 228ms[2m (tests 63%, transform 27%, import 9%, worker 1%)[22m


[31m⎯⎯⎯⎯⎯⎯⎯[39m[1m[41m Failed Tests 1 [49m[22m[31m⎯⎯⎯⎯⎯⎯⎯[39m

[41m[1m FAIL [22m[49m ops/authority/operations.test.ts[2m > [22mcancelled consumed work retains unknown cost, refuses new dispatch, and records late cost once
[31m[1mAssertionError[22m: expected { accepted: true, late: false, …(1) } to match object { accepted: true, late: true, …(1) }
(1 matching property omitted from actual)[39m

[32m- Expected[39m
[31m+ Received[39m

[2m  {[22m
[2m    "accepted": true,[22m
[32m-   "continuationRefused": true,[39m
[32m-   "late": true,[39m
[31m+   "late": false,[39m
[2m  }[22m

[36m [2m❯[22m ops/authority/operations.test.ts:[2m30:116[22m[39m
    [90m 28|[39m   expect(await f.budget()).toMatchObject({ reserved: 5, active: 1 });
    [90m 29|[39m   await expect(f.claim(id)).rejects.toMatchObject({ data: { code: 'FOR…
    [90m 30|[39m   expect(await f.t.mutation(outcomes.reconcile, { ...target, providerR…
    [90m   |[39m                                                                                                                    [31m^[39m
    [90m 31|[39m   await f.t.mutation(outcomes.reconcile, { ...target, providerRef: 'ac…
    [90m 32|[39m   expect(await f.budget()).toMatchObject({ reserved: 0, active: 0, spe…

[31m[2m⎯⎯⎯⎯⎯⎯⎯⎯⎯⎯⎯⎯⎯⎯⎯⎯⎯⎯⎯⎯⎯⎯⎯⎯[1/1]⎯[22m[39m

