
 RUN  v5.0.1 /Users/urkel/Documents/CodeMyVibe/Projects/remold-i1

 ❯ ops/authority/h0-parity.test.ts (3 tests | 2 failed) 145ms
   × every frozen H0 replay group maps to production tests that exercise its operations 14ms
   × no single production test can stand in for more than five groups 130ms

⎯⎯⎯⎯⎯⎯⎯ Failed Tests 2 ⎯⎯⎯⎯⎯⎯⎯

 FAIL  ops/authority/h0-parity.test.ts > every frozen H0 replay group maps to production tests that exercise its operations
AssertionError: expected [ Array(1) ] to deeply equal []

- Expected
+ Received

- []
+ [
+   "Lost acceptance response reconciles once; missing usage blocks cheaper new spend: /claim/ appears in 35 tests, too generic to identify this group",
+ ]

 ❯ ops/authority/h0-parity.test.ts:78:16
     76|     if (shared > MAX_SHARED) gaps.push(`${row.h0}: /${row.exercises}/ …
     77|   }
     78|   expect(gaps).toEqual([]);
       |                ^
     79| });
     80|

⎯⎯⎯⎯⎯⎯⎯⎯⎯⎯⎯⎯⎯⎯⎯⎯⎯⎯⎯⎯⎯⎯⎯⎯[1/2]⎯

 FAIL  ops/authority/h0-parity.test.ts > no single production test can stand in for more than five groups
AssertionError: expected 6 to be less than or equal to 5
 ❯ ops/authority/h0-parity.test.ts:85:18
     83|   const widest = Math.max(...allBodies.map(b => parity.filter(row => a…
     84|   expect(allBodies.length).toBeGreaterThan(100);
     85|   expect(widest).toBeLessThanOrEqual(5);
       |                  ^
     86| });
     87|

⎯⎯⎯⎯⎯⎯⎯⎯⎯⎯⎯⎯⎯⎯⎯⎯⎯⎯⎯⎯⎯⎯⎯⎯[2/2]⎯


 Test Files  1 failed (1)
      Tests  2 failed | 1 passed (3)
   Start at  07:43:26
   Duration  238ms (tests 81%, import 11%, transform 7%, worker 1%)

