[
 {
  "test": "H0#15 H0#24 H0#25 H0#36 H0#37 absence and overrun hold claims until an operator clears the anomaly",
  "accepts": 5
 },
 {
  "test": "H0#4 H0#5 H0#13 H0#16 H0#29 stale delegated fences fail while an independent root survives",
  "accepts": 4
 },
 {
  "test": "Delegation revocation changes actual REST read projection while independent human grants survive",
  "accepts": 3
 },
 {
  "test": "Single-step overrun remains confirmed and retained missing usage cannot be cancelled away ",
  "accepts": 3
 },
 {
  "test": "External scoped agent uses actual HTTP authority; firing stops new permits and preserves one issued tail",
  "accepts": 2
 },
 {
  "test": "Global spend, concurrency and per-run ceilings serialize across distinct tenants",
  "accepts": 2
 }
]
