$ vitest run --config ops/authority/vitest.config.ts

 RUN  v5.0.1 /Users/urkel/Documents/CodeMyVibe/Projects/remold-i1

 ❯ ops/authority/shape.test.ts (1 test | 1 failed) 4ms
   × refuses extra body keys even when they share a name with an Object.prototype member 3ms

⎯⎯⎯⎯⎯⎯⎯ Failed Tests 1 ⎯⎯⎯⎯⎯⎯⎯

 FAIL  ops/authority/shape.test.ts > refuses extra body keys even when they share a name with an Object.prototype member
AssertionError: constructor: expected [] to be null

- Expected:
null

+ Received:
[]

 ❯ ops/authority/shape.test.ts:10:178
      8|   const body = { keyHash: 'h', text: 'x' };
      9|   expect(argumentsConform(inboxAdd, body)).toEqual([]);
     10|   for (const key of ['constructor', 'toString', 'hasOwnProperty', 'val…
       |                                                                                                                                                                                  ^
     11| });
     12|

⎯⎯⎯⎯⎯⎯⎯⎯⎯⎯⎯⎯⎯⎯⎯⎯⎯⎯⎯⎯⎯⎯⎯⎯[1/1]⎯


 Test Files  1 failed | 14 passed (15)
      Tests  1 failed | 69 passed (70)
   Start at  07:39:48
   Duration  743ms (tests 68%, transform 21%, import 10%, worker 1%)

[ELIFECYCLE] Command failed with exit code 1.
