$ vitest run --config ops/authority/vitest.config.ts

 RUN  v5.0.1 /Users/urkel/Documents/CodeMyVibe/Projects/remold-i1

 ❯ ops/authority/oracles.test.ts (7 tests | 2 failed) 406ms
   × search fills its limit with readable matches, so hidden matches change nothing 44ms
   × a record ID the member cannot read gets the same answer as a deleted record 26ms

⎯⎯⎯⎯⎯⎯⎯ Failed Tests 2 ⎯⎯⎯⎯⎯⎯⎯

 FAIL  ops/authority/oracles.test.ts > search fills its limit with readable matches, so hidden matches change nothing
AssertionError: expected { text: [], textInObject: [], …(3) } to deeply equal { text: [ 'Alpha Mine' ], …(4) }

- Expected
+ Received

@@ -3,15 +3,9 @@
      "Alpha Mine",
    ],
    "agentText": [
      "Alpha Mine",
    ],
-   "recent": [
-     "Alpha Mine",
-   ],
-   "text": [
-     "Alpha Mine",
-   ],
-   "textInObject": [
-     "Alpha Mine",
-   ],
+   "recent": [],
+   "text": [],
+   "textInObject": [],
  }

 ❯ ops/authority/oracles.test.ts:84:18
     82|   };
     83|   const hidden = await run(true);
     84|   expect(hidden).toEqual(await run(false));
       |                  ^
     85|   expect(Object.values(hidden)).toEqual(Array(5).fill(['Alpha Mine']));
     86| });

⎯⎯⎯⎯⎯⎯⎯⎯⎯⎯⎯⎯⎯⎯⎯⎯⎯⎯⎯⎯⎯⎯⎯⎯[1/2]⎯

 FAIL  ops/authority/oracles.test.ts > a record ID the member cannot read gets the same answer as a deleted record
AssertionError: expected { ok: false, error: { …(2) } } to deeply equal { ok: false, error: { …(2) } }

- Expected
+ Received

  {
    "error": {
      "code": "NOT_FOUND",
-     "message": "Record or field not found",
+     "message": "Record not found",
    },
    "ok": false,
  }

 ❯ ops/authority/oracles.test.ts:98:33


⎯⎯⎯⎯⎯⎯⎯⎯⎯⎯⎯⎯⎯⎯⎯⎯⎯⎯⎯⎯⎯⎯⎯⎯[2/2]⎯


 Test Files  1 failed | 14 passed (15)
      Tests  2 failed | 68 passed (70)
   Start at  07:40:35
   Duration  855ms (tests 67%, transform 23%, import 9%, worker 1%)

[ELIFECYCLE] Command failed with exit code 1.
