$ tsc -b && vite build
[36mvite v8.3.0 [32mbuilding client environment for production...[36m[39m
transforming...
✓ 2113 modules transformed.
rendering chunks...
computing gzip size...
dist/index.html                                              0.45 kB │ gzip:   0.28 kB
dist/assets/geist-cyrillic-ext-wght-normal-DjL33-gN.woff2    7.42 kB
dist/assets/geist-vietnamese-wght-normal-6IgcOCM7.woff2      8.00 kB
dist/assets/geist-cyrillic-wght-normal-BEAKL7Jp.woff2       15.08 kB
dist/assets/geist-latin-ext-wght-normal-DC-KSUi6.woff2      16.51 kB
dist/assets/geist-latin-wght-normal-BgDaEnEv.woff2          29.40 kB
dist/assets/index-COKCo78a.css                              71.49 kB │ gzip:  12.51 kB
dist/assets/index-DdK5smqC.js                              656.05 kB │ gzip: 201.62 kB

[33m[plugin builtin:vite-reporter] 
(!) Some chunks are larger than 500 kB after minification. Consider:
- Using dynamic import() to code-split the application
- Use build.rolldownOptions.output.codeSplitting to improve chunking: https://rolldown.rs/reference/OutputOptions.codeSplitting
- Adjust chunk size limit for this warning via build.chunkSizeWarningLimit.[39m
[32m✓ built in 596ms[39m
