[36mvite v8.3.0 [32mbuilding client environment for production...[36m[39m
transforming...
✓ 2113 modules transformed.
rendering chunks...
computing gzip size...
../prepared/artifact/index.html                                              0.45 kB │ gzip:   0.29 kB
../prepared/artifact/assets/geist-cyrillic-ext-wght-normal-DjL33-gN.woff2    7.42 kB
../prepared/artifact/assets/geist-vietnamese-wght-normal-6IgcOCM7.woff2      8.00 kB
../prepared/artifact/assets/geist-cyrillic-wght-normal-BEAKL7Jp.woff2       15.08 kB
../prepared/artifact/assets/geist-latin-ext-wght-normal-DC-KSUi6.woff2      16.51 kB
../prepared/artifact/assets/geist-latin-wght-normal-BgDaEnEv.woff2          29.40 kB
../prepared/artifact/assets/index-COKCo78a.css                              71.49 kB │ gzip:  12.51 kB
../prepared/artifact/assets/index-UKqUXU_w.js                              656.07 kB │ gzip: 201.66 kB

[32m✓ built in 393ms[39m
[33m
[1m(!)[22m outDir [37m[2m/private/var/folders/9g/lc9sprl94dl4d7x2lvtbspc80000gn/T/remold-i2-preview-b-b703lrnx/prepared/artifact[22m[33m is not inside project root and will not be emptied.
Use --emptyOutDir to override.
[39m
[33m[plugin builtin:vite-reporter] 
(!) Some chunks are larger than 500 kB after minification. Consider:
- Using dynamic import() to code-split the application
- Use build.rolldownOptions.output.codeSplitting to improve chunking: https://rolldown.rs/reference/OutputOptions.codeSplitting
- Adjust chunk size limit for this warning via build.chunkSizeWarningLimit.[39m
