🌀 Building list of assets...
✨ Read 15 files from the assets directory /var/folders/9g/lc9sprl94dl4d7x2lvtbspc80000gn/T/remold-i2-preview-b-b703lrnx/prepared/artifact
🌀 Starting asset upload...
🌀 Found 12 new or modified static assets to upload. Proceeding with upload...
+ /version.json
+ /icons.svg
+ /favicon.svg
+ /assets/geist-latin-wght-normal-BgDaEnEv.woff2
+ /index.html
+ /assets/geist-cyrillic-ext-wght-normal-DjL33-gN.woff2
+ /assets/geist-cyrillic-wght-normal-BEAKL7Jp.woff2
+ /assets/index-COKCo78a.css
+ /release-manifest.json
+ /assets/geist-vietnamese-wght-normal-6IgcOCM7.woff2
+ /assets/geist-latin-ext-wght-normal-DC-KSUi6.woff2
+ /assets/index-UKqUXU_w.js
Uploaded 4 of 12 assets
Uploaded 8 of 12 assets
Uploaded 12 of 12 assets
✨ Success! Uploaded 12 files (1.50 sec)

{
  "preview": {
    "id": "567c0b1448364e4786f2bafb238b372d",
    "slug": "pr-4",
    "name": "pr-4",
    "tags": [],
    "observability": {
      "enabled": false,
      "head_sampling_rate": 1,
      "redact_query_string": false,
      "logs": {
        "enabled": false,
        "head_sampling_rate": 1,
        "invocation_logs": true,
        "persist": true,
        "destinations": []
      },
      "traces": {
        "enabled": false,
        "head_sampling_rate": 1,
        "persist": true,
        "destinations": []
      }
    },
    "logpush": false,
    "tail_consumers": [],
    "urls": [
      "https://pr-4-remold-i2-preview.shakur-949.workers.dev"
    ],
    "created_on": "2026-09-25T01:27:19.763417Z",
    "updated_on": "2026-09-25T01:27:19.763417Z",
    "deployed_on": null
  },
  "deployment": {
    "id": "0659e24b-988a-4945-b8d1-11cea250ec87",
    "number": 1,
    "startup_time_ms": 2,
    "compatibility_date": "2026-09-21",
    "main_module": "no-op-worker.js",
    "annotations": {
      "workers/message": "I2 PR4 c666909bfe07af46732a56671858b65f748a4744",
      "workers/triggered_by": "create_preview_deployment_api"
    },
    "usage_model": "standard",
    "urls": [
      "https://0659e24b-remold-i2-preview.shakur-949.workers.dev"
    ],
    "source": "wrangler",
    "created_on": "2026-09-25T01:27:22.932483Z",
    "assets": {
      "config": {
        "html_handling": "auto-trailing-slash",
        "not_found_handling": "single-page-application",
        "run_worker_first": false,
        "base_path": "/"
      }
    },
    "author_id": "212533b88ae1c9e8bed9ca79b71ddc56",
    "author_email": "shakur@codemyvibe.com"
  }
}
