CONVEX_AGENT_MODE=anonymous mode is in beta, functionality may change in the future.
▌ Developing against deployment:
▌ [Local] Port 3410 • No Convex account (run npx convex login to link to a project)
▌ └─ http://127.0.0.1:3410
- Preparing Convex functions...

Convex AI files are not installed. Run npx convex ai-files install to get started or npx convex ai-files disable to hide this message.
✔ 14:53:32 Convex functions ready! (745.66ms)
PASS New external/event ID collisions remain separated by tenant account and resource kind
PASS Delegated grant revoked on either side of permit produces refusal or one late result
PASS Concurrent permits stay bounded and post-claim suppression blocks the losing dispatch
PASS Old worker cannot permit or reconcile after lease expiry and new claim
PASS Eight real concurrent claims keep both tenant and global caps
CANCEL_OBSERVED rejection cancelled
PASS Cancellation survives provider rejection without a new permit
CANCEL_OBSERVED absence outcomeUnknown
PASS Cancellation survives provider absence without a new permit
CANCEL_OBSERVED unconsumed expiry cancelled
PASS Cancellation survives unconsumed expiry without a new permit
CANCEL_OBSERVED model continuation cancelled
PASS Cancellation survives model continuation without a new permit
CANCEL_TAIL_OBSERVED {"state":"confirmed","late":true,"events":[{"_creationTime":1790276019985.7732,"_id":"k57bzk88xnrdcbmznb97svw4yx8f07aq","actor":"js7ae0734nv30cphkn2pp8100x8f043c","at":1790276019985,"kind":"proposed","org":"kh7dt2mxxnn4nvxpnhqjhez6md8f0yry","resource":"jh78pn7xgbb6b139wryxsfb3gh8f0jsp"},{"_creationTime":1790276019990.702,"_id":"k574d3d7aq5rn9d464e76e7a898f1e62","actor":"js73kfsjwzyaf65m3kw27vd5e58f0qp5","at":1790276019990,"kind":"approved","org":"kh7dt2mxxnn4nvxpnhqjhez6md8f0yry","resource":"jh78pn7xgbb6b139wryxsfb3gh8f0jsp"},{"_creationTime":1790276019994.772,"_id":"k57d1n343z3e7yh9jq9wm2hrcx8f1xd5","actor":"js7ae0734nv30cphkn2pp8100x8f043c","at":1790276019994,"kind":"claimed","org":"kh7dt2mxxnn4nvxpnhqjhez6md8f0yry","resource":"jh78pn7xgbb6b139wryxsfb3gh8f0jsp"},{"_creationTime":1790276020000.298,"_id":"k57974wj570666n5cxp0t2n2jd8f02ax","actor":"trusted-adapter","at":1790276020000,"kind":"permit","org":"kh7dt2mxxnn4nvxpnhqjhez6md8f0yry","resource":"jh78pn7xgbb6b139wryxsfb3gh8f0jsp"},{"_creationTime":1790276020008.267,"_id":"k57217bn6p3k25yyp00gq5p7cd8f1dz9","actor":"js73kfsjwzyaf65m3kw27vd5e58f0qp5","at":1790276020008,"kind":"cancellationRequested","org":"kh7dt2mxxnn4nvxpnhqjhez6md8f0yry","resource":"jh78pn7xgbb6b139wryxsfb3gh8f0jsp"},{"_creationTime":1790276020016.941,"_id":"k57f1j42q20679revk3a6wxde98f122p","actor":"trusted-adapter","at":1790276020016,"kind":"completedAfterCancellation","org":"kh7dt2mxxnn4nvxpnhqjhez6md8f0yry","resource":"jh78pn7xgbb6b139wryxsfb3gh8f0jsp"}]}
PASS Accepted pre-cancel permit tail is recorded as completed after cancellation
FAIL Exposure bounds, overrun truth and already-queued spend holds AssertionError [ERR_ASSERTION]: The input did not match the regular expression /anomaly hold|lease/. Input:

'Error: [Request ID: 64bbaf8b98c0d87e] Server Error\n' +
  'Uncaught Error: not claimable\n' +
  '    at deny (../convex/harness.ts:7:58)\n' +
  '    at handler (../convex/harness.ts:314:44)\n'

PASS Unknown usage prevents an already queued permit and resolves idempotently
PASS Old consumed receipts survive provisional/final absence and conflicting receipt cannot double-charge
PASS Recipient Y callback blocks only Y, purpose/channel and same external ID tenant collisions remain isolated
PASS Adapter cancellation signal is current, fenced and account-scoped
PASS Real server expiry frees permit slot without the crashed adapter and preserves consumed reservation
PASS Object wildcard is still object-specific and manager grant downgrade strips child lineage only
Command `node independent.mjs` exited with code 1
