FAIL same event id with a different body is refused after the first {"s1":200,"s2":200,"receipts":1,"keptFirstDigest":true}
FAIL Stripe-Account header does not override payload account {"status":200,"underA":0,"underB":0}
FAIL replay after acknowledgement has no second effect {"status":200,"receipts":1,"done":true,"secondDrain":[{"merchant":"A","eventId":"evt_ivAcked","result":"applied"}],"observedDelta":1,"firstDrain":[]}
FAIL parallel duplicate deliveries store one receipt and one effect {"identical":{"200":25},"variants":[200,200,200,200,200,200,200,200,200,200],"receiptsParallel":1,"receiptsRace":1,"observedDelta":1,"drain":[{"merchant":"A","eventId":"evt_ivParallel","result":"applied"}]}
FAIL ack loss after ledger write: financial state equals a clean drain; only audit rows differ {"docAfterAckLoss":{"_id":"k972jajf7x0tadtxsrag0ke8yn8f4whg","adjustmentsComplete":true,"amountMinor":100,"binding":"j976503dpbv380hp9n9pf9kf558f5jqe","creditedMinor":0,"currency":"usd","customer":"kx71418rc9zmdvx2z4a67m7q0s8f4mt5","customerName":"IV Ain_ivA","externalId":"in_ivA","kind":"invoice","org":"n57ew0qqkc8x6tpqkv6pcfggc58f4r0s","paidMinor":100,"refundedMinor":0,"retentionUntil":182196073
FAIL A-signed event naming B invoice is refused and closed, B untouched, B account never read {"status":200,"outcomes":[{"merchant":"A","eventId":"evt_ivPaidClean","result":"applied"}],"refusedOnA":0,"newReads":[{"account":"acct_ivA","path":"/v1/invoices/in_ivA"},{"account":"acct_ivA","path":"/v1/invoice_payments"},{"account":"acct_ivA","path":"/v1/invoice_payments/inpay_ivA"},{"account":"acct_ivA","path":"/v1/payment_intents/pi_ivA"},{"account":"acct_ivA","path":"/v1/charges/ch_ivA"},{"ac
PASS oversized, malformed and type-confused bodies refused with no receipt {"statuses":{"oversized":400,"notJson":400,"nullBody":400,"arrayBody":400,"numericObjectId":400,"missingId":400,"liveMode":400,"arrayAccount":400,"paddedAccount":400,"protoAccount":400},"receiptDelta":0}
PASS signature timestamp window is 300s both directions; header shape edges {"past295":200,"past305":400,"future295":200,"future305":400,"twoV1OneGood":200,"v0Only":400,"noHeader":400,"signedWithoutTimestampPrefix":400}
FAIL backend down: receiver returns non-2xx and stores nothing; redelivery after recovery stores once {"whileDown":200,"afterRecovery":200,"receiptsAfter":0}
FAIL transient provider failure is retried, not refused or acknowledged {"first":[],"second":[{"merchant":"A","eventId":"evt_ivTransient","result":"retry","code":"retryable_error","attempts":1}]}
PASS B adapter token cannot refuse or list A receipts {"refuseErr":"Cannot read properties of undefined (reading '_id')","readErr":"[Request ID: c0e8764699477f7c] Server Error\nUncaught ConvexError: {\"code\":\"adapter_denied\"}\n    at fail (../convex/callb","stillPending":true}
PASS tenant B financial export unchanged through attacks 1-11 (B had no own events yet) {}
PASS drain isolates a failing merchant from other merchants {"threw":null,"bDone":true,"outcomes":[{"merchant":"A","result":"merchant_error","code":"adapter_denied"},{"merchant":"B","eventId":"evt_ivIsolated","result":"applied"}]}
PASS liveness: provider-404 receipts are closed or skipped so later receipts still drain {"deliveries200":100,"firstDrain":{"refused":37},"laterReceiptDone":true,"laterDrainTouchedIt":true,"receiptsQueryUsable":true}
OBSERVATION [{"name":"charge.refunded for bound account B (charge id, not invoice id)","status":200,"outcome":{"merchant":"B","eventId":"evt_ivRefund","result":"refused","code":"unsupported_event_type"},"receiptClosed":true,"observedDelta":0}]
PASS R2-0 redaction mode as configured {"REDACT":true,"msg":"[Request ID: redacted] Server Error"}
FAIL R2-1 per-receipt isolation: failing ack on one receipt, next still applied, first applied later {"o1":[],"o2":[{"merchant":"A","eventId":"evt_r2Item1","result":"item_error","code":"retryable_error"},{"merchant":"A","eventId":"evt_r2Item2","result":"applied"}]}
PASS R2-2 revoked merchant in the middle: merchant_error adapter_denied, later merchant drains {"threw":null,"o":[{"merchant":"A","eventId":"evt_r2Item1","result":"applied"},{"merchant":"X","result":"merchant_error","code":"adapter_denied"},{"merchant":"B","eventId":"evt_r2Mid","result":"applied"}]}
PASS R2-3 classify matches the stated rule for 400/402/404 final and 408/409/429/5xx/network/timeout/unknown retryable {"s400":{"final":true,"code":"provider_400_parameter_invalid_empty"},"s402":{"final":true,"code":"provider_402_card_declined"},"s404":{"final":true,"code":"provider_404_resource_missing"},"s408":{"final":false,"code":"provider_408"},"s409":{"final":false,"code":"provider_409"},"s429":{"final":false,"code":"provider_429"},"s500":{"final":false,"code":"provider_500"},"s502":{"final":false,"code":"pr
FAIL R2-3b platform credential/permission failures (401, 403) are not final for the event {"s401":{"final":true,"code":"provider_401"},"s403":{"final":true,"code":"provider_403_account_invalid"}}
FAIL R2-3c classify tolerates non-Error throws {"stringThrown":{"threw":"Cannot use 'in' operator to search for 'requestId' in boom"},"numberThrown":{"threw":"Cannot use 'in' operator to search for 'requestId' in 7"},"nullThrown":{"final":false,"code":"retryable_error"}}
FAIL R2-4 integrated 429 is deferred, not closed {"o":[]}
PASS R2-4b integrated 401 (expired or rotated platform key) does not permanently close the receipt {"done":false,"auditTail":[]}
FAIL R2-5 exponential backoff 30/60/120/240s, closed as failed at attempt 5 with one audit row, newer receipt not starved {"trace":[{"label":"first","dt":0,"result":"skipped"},{"label":"early","dt":1000,"result":"retry","attempts":1},{"label":"just before 30s","dt":29999,"result":"skipped"},{"label":"at 30s","dt":30000,"result":"skipped"},{"label":"just before +60s","dt":89999,"result":"retry","attempts":2},{"label":"at +60s","dt":90000,"result":"skipped"},{"label":"at +120s","dt":210000,"result":"retry","attempts":3
FAIL R2-6 non-invoice types refused unsupported_event_type, invoice event naming a charge refused unbound_document, zero provider reads {"statuses":[200,200,200,200,200,200,200],"outcomes":[{"merchant":"A","eventId":"evt_r2T_charge.refunded","result":"refused","code":"unsupported_event_type"},{"merchant":"A","eventId":"evt_r2T_charge.dispute.created","result":"refused","code":"unsupported_event_type"}],"newReads":0}
FAIL R2-7 each new function refuses with the expected ConvexError code through redaction {"refuseBadCode":"plain:Cannot read properties of undefined (reading 'id')","deferBadCode":"plain:Cannot read properties of undefined (reading 'id')","prepareWrongTenant":"plain:Cannot read properties of undefined (reading 'id')","deferWrongTenant":"plain:Cannot read properties of undefined (reading 'id')","dueWrongTenant":"adapter_denied","parkNoIngress":"ingress_denied","parkBadAccount":"invalid
FAIL R2-8 unbound account parked once with one alert; bound-in-DB account missing from receiver config gets 400; no financial effect {"statuses":[200,200,200],"rows":[{"account":"acct_r2Unbound","eventId":"evt_r2Park","type":"invoice.paid"}],"alert":{"account":"acct_r2Unbound","count":1,"kind":"parked"},"boundElsewhereStatus":200}
FAIL R2-9 at 501 the event gets 200, is not stored, and raises a park_overflow alert; rows stay 500 {"statuses":[200,200,200],"rows":500,"alertRowsShown":6,"dupAtCap":{"duplicate":true,"parked":false}}
PASS R2-10 frozen schema deployed unchanged and callback tables are purely additive {"added":["callbackIngress","callbackParked","callbackAlerts","callbackRetries"],"overlap":[]}
PASS R2 tenant B finance unchanged through parking, cap and schema attacks (R2-8 to R2-10) {}
