PASS bad signature refused with no durable effect {"statuses":[400,400,400],"receiptsA":0,"receiptsB":0}
PASS crash between durable receipt and reconciliation, then restart {"firstDelivery":"no-response","receiptsAfterRestart":1,"redelivery":200,"receipts":1,"observations":1,"doc":{"state":"open","paidMinor":0,"adjustmentsComplete":true},"outcomes":[{"merchant":"A","eventId":"evt_simFinalized","result":"applied"}]}
PASS exact replay produces no second effect {"status":200,"receipts":1,"observations":0,"outcomes":[]}
PASS out-of-order events converge to provider state without regression {"statuses":[200,200],"docAfterNewer":{"state":"paid","paidMinor":100,"adjustmentsComplete":true},"docAfterOlder":{"state":"paid","paidMinor":100,"adjustmentsComplete":true},"observations":2,"outcomes":[{"merchant":"A","eventId":"evt_simPaid","result":"applied"},{"merchant":"A","eventId":"evt_simUpdatedEarlier","result":"applied"}]}
FAIL substituted account refused or bound only to the claimed merchant, no effect on A {"statuses":{"unbound":200,"noAccount":200,"claimsB":200},"receiptsUnderB":[{"digest":"01d1f0aaefd76c75d40f29b499d59f8b9c7f4b99ff8aab09ebd3cf9cdfee99b2","done":false,"eventId":"evt_simSubstituted","externalId":"in_simCallbackA","type":"invoice.voided"}],"receiptsUnderA":0,"refusedOnB":0,"docA":{"state":"paid","paidMinor":100,"adjustmentsComplete":true},"outcomes":[{"result":"stopped","reason":"[Request ID: dfaaa1387c6bd683] Server Error\nUncaught Error: unbound provider document\n    at deny (../convex/payments.ts:6:54)\n    at handler (../convex/payments.ts:99:23)\n"}]}
PROBE {"name":"crash after ledger write, before acknowledgement","status":200,"receipts":1,"done":true,"observationsWritten":2,"docBefore":{"state":"paid","paidMinor":100,"adjustmentsComplete":true},"docAfter":{"state":"paid","paidMinor":100,"adjustmentsComplete":true},"outcomes":[{"result":"stopped","reason":"crash before acknowledgement"},{"merchant":"A","eventId":"evt_simUpdatedLate","result":"applied"},{"result":"stopped","reason":"[Request ID: 9b0c17e34b2a45c2] Server Error\nUncaught Error: unbound provider document\n    at deny (../convex/payments.ts:6:54)\n    at handler (../convex/payments.ts:99:23)\n"}]}
PASS tenant B financial state unchanged throughout {"checkpoints":[{"at":"bad signature","financeUnchanged":true,"observed":0},{"at":"crash","financeUnchanged":true,"observed":0},{"at":"replay","financeUnchanged":true,"observed":0},{"at":"out of order","financeUnchanged":true,"observed":0},{"at":"substitution","financeUnchanged":true,"observed":0},{"at":"ack-loss probe","financeUnchanged":true,"observed":0}]}
PASS bad signature refused with no durable effect {"statuses":[400,400,400],"receiptsA":0,"receiptsB":0}
PASS crash between durable receipt and reconciliation, then restart {"firstDelivery":"no-response","receiptsAfterRestart":1,"redelivery":200,"receipts":1,"observations":1,"doc":{"state":"open","paidMinor":0,"adjustmentsComplete":true},"outcomes":[{"merchant":"A","eventId":"evt_simFinalized","result":"applied"}]}
PASS exact replay produces no second effect {"status":200,"receipts":1,"observations":0,"outcomes":[]}
PASS out-of-order events converge to provider state without regression {"statuses":[200,200],"docAfterNewer":{"state":"paid","paidMinor":100,"adjustmentsComplete":true},"docAfterOlder":{"state":"paid","paidMinor":100,"adjustmentsComplete":true},"observations":2,"outcomes":[{"merchant":"A","eventId":"evt_simPaid","result":"applied"},{"merchant":"A","eventId":"evt_simUpdatedEarlier","result":"applied"}]}
PASS substituted account refused or bound only to the claimed merchant, no effect on A {"statuses":{"unbound":400,"noAccount":400,"claimsB":200},"receiptsUnderB":[{"digest":"d885cdb875ff5da045b4ebb7b1024ac1fa9564bdc1dd7762aa40bfbb11467e65","done":true,"eventId":"evt_simSubstituted","externalId":"in_simCallbackA","type":"invoice.voided"}],"receiptsUnderA":0,"refusedOnB":1,"docA":{"state":"paid","paidMinor":100,"adjustmentsComplete":true},"outcomes":[{"merchant":"B","eventId":"evt_simSubstituted","result":"refused","reason":"unbound provider document"}]}
PROBE {"name":"crash after ledger write, before acknowledgement","status":200,"receipts":1,"done":true,"observationsWritten":2,"docBefore":{"state":"paid","paidMinor":100,"adjustmentsComplete":true},"docAfter":{"state":"paid","paidMinor":100,"adjustmentsComplete":true},"outcomes":[{"merchant":"A","eventId":"evt_simUpdatedLate","result":"retry","reason":"crash before acknowledgement"},{"merchant":"A","eventId":"evt_simUpdatedLate","result":"applied"}]}
PASS tenant B financial state unchanged throughout {"checkpoints":[{"at":"bad signature","financeUnchanged":true,"observed":0},{"at":"crash","financeUnchanged":true,"observed":0},{"at":"replay","financeUnchanged":true,"observed":0},{"at":"out of order","financeUnchanged":true,"observed":0},{"at":"substitution","financeUnchanged":true,"observed":0},{"at":"ack-loss probe","financeUnchanged":true,"observed":0}]}
PASS bad signature refused with no durable effect {"statuses":[400,400,400],"receiptsA":0,"receiptsB":0}
FAIL crash between durable receipt and reconciliation, then restart {"firstDelivery":"no-response","receiptsAfterRestart":1,"redelivery":200,"receipts":2,"observations":2,"doc":{"state":"open","paidMinor":0,"adjustmentsComplete":true},"outcomes":[{"merchant":"A","eventId":"evt_simFinalized","result":"applied"},{"merchant":"A","eventId":"evt_simFinalized","result":"applied"}]}
FAIL exact replay produces no second effect {"status":400,"receipts":2,"observations":0,"outcomes":[]}
PASS out-of-order events converge to provider state without regression {"statuses":[200,200],"docAfterNewer":{"state":"paid","paidMinor":100,"adjustmentsComplete":true},"docAfterOlder":{"state":"paid","paidMinor":100,"adjustmentsComplete":true},"observations":2,"outcomes":[{"merchant":"A","eventId":"evt_simPaid","result":"applied"},{"merchant":"A","eventId":"evt_simUpdatedEarlier","result":"applied"}]}
PASS substituted account refused or bound only to the claimed merchant, no effect on A {"statuses":{"unbound":400,"noAccount":400,"claimsB":200},"receiptsUnderB":[{"digest":"39b7e611b90779925aecfdec2dde6e2b2b7d6a2daed50f504b6d74ca295322d3","done":true,"eventId":"evt_simSubstituted","externalId":"in_simCallbackA","type":"invoice.voided"}],"receiptsUnderA":0,"refusedOnB":1,"docA":{"state":"paid","paidMinor":100,"adjustmentsComplete":true},"outcomes":[{"merchant":"B","eventId":"evt_simSubstituted","result":"refused","reason":"unbound provider document"}]}
PROBE {"name":"crash after ledger write, before acknowledgement","status":200,"receipts":1,"done":true,"observationsWritten":2,"docBefore":{"state":"paid","paidMinor":100,"adjustmentsComplete":true},"docAfter":{"state":"paid","paidMinor":100,"adjustmentsComplete":true},"outcomes":[{"merchant":"A","eventId":"evt_simUpdatedLate","result":"retry","reason":"crash before acknowledgement"},{"merchant":"A","eventId":"evt_simUpdatedLate","result":"applied"}]}
PASS tenant B financial state unchanged throughout {"checkpoints":[{"at":"bad signature","financeUnchanged":true,"observed":0},{"at":"crash","financeUnchanged":true,"observed":0},{"at":"replay","financeUnchanged":true,"observed":0},{"at":"out of order","financeUnchanged":true,"observed":0},{"at":"substitution","financeUnchanged":true,"observed":0},{"at":"ack-loss probe","financeUnchanged":true,"observed":0}]}
FAIL bad signature refused with no durable effect {"statuses":[200,200,400],"receiptsA":2,"receiptsB":0}
PASS crash between durable receipt and reconciliation, then restart {"firstDelivery":"no-response","receiptsAfterRestart":1,"redelivery":200,"receipts":1,"observations":1,"doc":{"state":"open","paidMinor":0,"adjustmentsComplete":true},"outcomes":[{"merchant":"A","eventId":"evt_simFinalized","result":"applied"}]}
PASS exact replay produces no second effect {"status":200,"receipts":1,"observations":0,"outcomes":[]}
PASS out-of-order events converge to provider state without regression {"statuses":[200,200],"docAfterNewer":{"state":"paid","paidMinor":100,"adjustmentsComplete":true},"docAfterOlder":{"state":"paid","paidMinor":100,"adjustmentsComplete":true},"observations":2,"outcomes":[{"merchant":"A","eventId":"evt_simPaid","result":"applied"},{"merchant":"A","eventId":"evt_simUpdatedEarlier","result":"applied"}]}
PASS substituted account refused or bound only to the claimed merchant, no effect on A {"statuses":{"unbound":400,"noAccount":400,"claimsB":200},"receiptsUnderB":[{"digest":"5dfefb78c1126d6480df9d399129b2017196aacaae5b60560c83708026a2473d","done":true,"eventId":"evt_simSubstituted","externalId":"in_simCallbackA","type":"invoice.voided"}],"receiptsUnderA":0,"refusedOnB":1,"docA":{"state":"paid","paidMinor":100,"adjustmentsComplete":true},"outcomes":[{"merchant":"B","eventId":"evt_simSubstituted","result":"refused","reason":"unbound provider document"}]}
PROBE {"name":"crash after ledger write, before acknowledgement","status":200,"receipts":1,"done":true,"observationsWritten":2,"docBefore":{"state":"paid","paidMinor":100,"adjustmentsComplete":true},"docAfter":{"state":"paid","paidMinor":100,"adjustmentsComplete":true},"outcomes":[{"merchant":"A","eventId":"evt_simUpdatedLate","result":"retry","reason":"crash before acknowledgement"},{"merchant":"A","eventId":"evt_simUpdatedLate","result":"applied"}]}
PASS tenant B financial state unchanged throughout {"checkpoints":[{"at":"bad signature","financeUnchanged":true,"observed":0},{"at":"crash","financeUnchanged":true,"observed":0},{"at":"replay","financeUnchanged":true,"observed":0},{"at":"out of order","financeUnchanged":true,"observed":0},{"at":"substitution","financeUnchanged":true,"observed":0},{"at":"ack-loss probe","financeUnchanged":true,"observed":0}]}
PASS bad signature refused with no durable effect {"statuses":[400,400,400],"receiptsA":0,"receiptsB":0}
PASS crash between durable receipt and reconciliation, then restart {"firstDelivery":"no-response","receiptsAfterRestart":1,"redelivery":200,"receipts":1,"observations":1,"doc":{"state":"open","paidMinor":0,"adjustmentsComplete":true},"outcomes":[{"merchant":"A","eventId":"evt_simFinalized","result":"applied"}]}
PASS exact replay produces no second effect {"status":200,"receipts":1,"observations":0,"outcomes":[]}
PASS out-of-order events converge to provider state without regression {"statuses":[200,200],"docAfterNewer":{"state":"paid","paidMinor":100,"adjustmentsComplete":true},"docAfterOlder":{"state":"paid","paidMinor":100,"adjustmentsComplete":true},"observations":2,"outcomes":[{"merchant":"A","eventId":"evt_simPaid","result":"applied"},{"merchant":"A","eventId":"evt_simUpdatedEarlier","result":"applied"}]}
FAIL substituted account refused or bound only to the claimed merchant, no effect on A {"statuses":{"unbound":200,"noAccount":200,"claimsB":200},"receiptsUnderB":[],"receiptsUnderA":3,"refusedOnB":0,"docA":{"state":"paid","paidMinor":100,"adjustmentsComplete":true},"outcomes":[{"merchant":"A","eventId":"evt_simUnbound","result":"applied"},{"merchant":"A","eventId":"evt_simPlatform","result":"applied"},{"merchant":"A","eventId":"evt_simSubstituted","result":"applied"}]}
PROBE {"name":"crash after ledger write, before acknowledgement","status":200,"receipts":1,"done":true,"observationsWritten":2,"docBefore":{"state":"paid","paidMinor":100,"adjustmentsComplete":true},"docAfter":{"state":"paid","paidMinor":100,"adjustmentsComplete":true},"outcomes":[{"merchant":"A","eventId":"evt_simUpdatedLate","result":"retry","reason":"crash before acknowledgement"},{"merchant":"A","eventId":"evt_simUpdatedLate","result":"applied"}]}
PASS tenant B financial state unchanged throughout {"checkpoints":[{"at":"bad signature","financeUnchanged":true,"observed":0},{"at":"crash","financeUnchanged":true,"observed":0},{"at":"replay","financeUnchanged":true,"observed":0},{"at":"out of order","financeUnchanged":true,"observed":0},{"at":"substitution","financeUnchanged":true,"observed":0},{"at":"ack-loss probe","financeUnchanged":true,"observed":0}]}

SUMMARY
baseline/none: expected fail, failed cases [substituted account refused or bound only to the claimed merchant, no effect on A] -> OK
after/none: expected pass, failed cases [] -> OK
after/dedupe: expected fail, failed cases [crash between durable receipt and reconciliation, then restart, exact replay produces no second effect] -> OK
after/signature: expected fail, failed cases [bad signature refused with no durable effect] -> OK
after/account: expected fail, failed cases [substituted account refused or bound only to the claimed merchant, no effect on A] -> OK
node _iv-rerun.mjs --all  68.36s user 6.15s system 109% cpu 1:08.07 total
exit 0
