🌀 Building list of assets...
✨ Read 15 files from the assets directory /var/folders/9g/lc9sprl94dl4d7x2lvtbspc80000gn/T/remold-i2-preview-b-b703lrnx/prepared/artifact
🌀 Starting asset upload...
🌀 Found 3 new or modified static assets to upload. Proceeding with upload...
+ /index.html
+ /release-manifest.json
+ /assets/index-Z3X--hDy.js
Uploaded 1 of 3 assets
Uploaded 2 of 3 assets
Uploaded 3 of 3 assets
✨ Success! Uploaded 3 files (9 already uploaded) (1.55 sec)

{
  "preview": {
    "id": "567c0b1448364e4786f2bafb238b372d",
    "slug": "pr-4",
    "name": "pr-4",
    "tags": [],
    "observability": {
      "enabled": false,
      "head_sampling_rate": 1,
      "redact_query_string": false,
      "logs": {
        "enabled": false,
        "head_sampling_rate": 1,
        "invocation_logs": true,
        "persist": true,
        "destinations": []
      },
      "traces": {
        "enabled": false,
        "head_sampling_rate": 1,
        "persist": true,
        "destinations": []
      }
    },
    "logpush": false,
    "tail_consumers": [],
    "urls": [
      "https://pr-4-remold-i2-preview.shakur-949.workers.dev"
    ],
    "created_on": "2026-09-25T01:27:19.763417Z",
    "updated_on": "2026-09-25T01:27:19.763417Z",
    "deployed_on": "2026-09-25T01:27:22.932483Z"
  },
  "deployment": {
    "id": "3ec24dec-3671-4ac3-ba3b-5f8b85612b20",
    "number": 2,
    "startup_time_ms": 2,
    "compatibility_date": "2026-09-21",
    "main_module": "no-op-worker.js",
    "annotations": {
      "workers/message": "I2 PR4 c666909bfe07af46732a56671858b65f748a4744",
      "workers/triggered_by": "create_preview_deployment_api"
    },
    "usage_model": "standard",
    "urls": [
      "https://3ec24dec-remold-i2-preview.shakur-949.workers.dev"
    ],
    "source": "wrangler",
    "created_on": "2026-09-25T02:03:25.751423Z",
    "assets": {
      "config": {
        "html_handling": "auto-trailing-slash",
        "not_found_handling": "single-page-application",
        "run_worker_first": false,
        "base_path": "/"
      }
    },
    "author_id": "212533b88ae1c9e8bed9ca79b71ddc56",
    "author_email": "shakur@codemyvibe.com"
  }
}
