🌀 Building list of assets...
✨ Read 15 files from the assets directory /var/folders/9g/lc9sprl94dl4d7x2lvtbspc80000gn/T/remold-previews-session-124k6nlp/prepared-pr4/artifact
🌀 Starting asset upload...
🌀 Found 4 new or modified static assets to upload. Proceeding with upload...
+ /version.json
+ /assets/index-BQN3TtHE.js
+ /index.html
+ /release-manifest.json
Uploaded 1 of 4 assets
Uploaded 2 of 4 assets
Uploaded 4 of 4 assets
✨ Success! Uploaded 4 files (8 already uploaded) (1.82 sec)

{
  "preview": {
    "id": "567c0b1448364e4786f2bafb238b372d",
    "slug": "pr-4",
    "name": "pr-4",
    "tags": [],
    "observability": {
      "enabled": false,
      "head_sampling_rate": 1,
      "redact_query_string": false,
      "logs": {
        "enabled": false,
        "head_sampling_rate": 1,
        "invocation_logs": true,
        "persist": true,
        "destinations": []
      },
      "traces": {
        "enabled": false,
        "head_sampling_rate": 1,
        "persist": true,
        "destinations": []
      }
    },
    "logpush": false,
    "tail_consumers": [],
    "urls": [
      "https://pr-4-remold-i2-preview.shakur-949.workers.dev"
    ],
    "created_on": "2026-09-25T01:27:19.763417Z",
    "updated_on": "2026-09-25T01:27:19.763417Z",
    "deployed_on": "2026-09-25T02:03:25.751423Z"
  },
  "deployment": {
    "id": "d3c126e8-7f35-4517-b0f4-2cb4e48b0f5d",
    "number": 3,
    "startup_time_ms": 1,
    "compatibility_date": "2026-09-21",
    "main_module": "no-op-worker.js",
    "annotations": {
      "workers/message": "I2 PR4 31c8434d140d4e241ea03b305c39a1a29d85fb9e",
      "workers/triggered_by": "create_preview_deployment_api"
    },
    "usage_model": "standard",
    "urls": [
      "https://d3c126e8-remold-i2-preview.shakur-949.workers.dev"
    ],
    "source": "wrangler",
    "created_on": "2026-09-25T02:23:36.202617Z",
    "assets": {
      "config": {
        "html_handling": "auto-trailing-slash",
        "not_found_handling": "single-page-application",
        "run_worker_first": false,
        "base_path": "/"
      }
    },
    "author_id": "212533b88ae1c9e8bed9ca79b71ddc56",
    "author_email": "shakur@codemyvibe.com"
  }
}
