
 RUN  v5.0.1 /Users/urkel/Documents/CodeMyVibe/Projects/remold

 ❯ ops/authority/safety.test.ts (8 tests | 3 failed) 186ms
   × two exact 5 refunds cannot settle from one aggregate of 5 and free more paid headroom 12ms
   × one provider receipt cannot settle a second operation 7ms
   × the general operation path cannot dispatch a refund outside the shared safety headroom 19ms

⎯⎯⎯⎯⎯⎯⎯ Failed Tests 3 ⎯⎯⎯⎯⎯⎯⎯

 FAIL  ops/authority/safety.test.ts > two exact 5 refunds cannot settle from one aggregate of 5 and free more paid headroom
AssertionError: promise resolved "{ consumed: true, duplicate: false }" instead of rejecting

- Expected
+ Received

- Error {
-   "message": "rejected promise",
+ {
+   "consumed": true,
+   "duplicate": false,
  }

 ❯ ops/authority/safety.test.ts:66:55
     64|   await f.t.mutation(safety.reconcile, { credentialHash: f.credentialH…
     65|   await f.t.mutation(safety.reconcile, { credentialHash: f.credentialH…
     66|   await expect(f.consume(await f.prepare('third', 5))).rejects.toMatch…
       |                                                       ^
     67| });
     68| it('one provider receipt cannot settle a second operation', async () =…

⎯⎯⎯⎯⎯⎯⎯⎯⎯⎯⎯⎯⎯⎯⎯⎯⎯⎯⎯⎯⎯⎯⎯⎯[1/3]⎯

 FAIL  ops/authority/safety.test.ts > one provider receipt cannot settle a second operation
AssertionError: expected { accepted: true, late: false } to match object { accepted: false }
(1 matching property omitted from actual)

- Expected
+ Received

  {
-   "accepted": false,
+   "accepted": true,
  }

 ❯ ops/authority/safety.test.ts:72:18
     70|   await f.t.mutation(safety.reconcile, { credentialHash: f.credentialH…
     71|   const result = await f.t.mutation(safety.reconcile, { credentialHash…
     72|   expect(result).toMatchObject({ accepted: false }); expect((await f.t…
       |                  ^
     73| });
     74| it('the general operation path cannot dispatch a refund outside the sh…

⎯⎯⎯⎯⎯⎯⎯⎯⎯⎯⎯⎯⎯⎯⎯⎯⎯⎯⎯⎯⎯⎯⎯⎯[2/3]⎯

 FAIL  ops/authority/safety.test.ts > the general operation path cannot dispatch a refund outside the shared safety headroom
AssertionError: promise resolved "{ …(9) }" instead of rejecting

- Expected
+ Received

- Error {
-   "message": "rejected promise",
+ {
+   "bindingId": "0000000010051integrationBindings",
+   "expires": 1790282645175,
+   "fence": 1,
+   "id": "000000000000010055integrationOps",
+   "maxRecipients": 0,
+   "maxUnits": 1,
+   "step": 1,
+   "version": 1,
+   "worker": "generic",
  }

 ❯ ops/authority/safety.test.ts:80:140
     78|   await f.client.mutation(commands.approve, { orgId: f.orgId, id, expi…
     79|   const claim = await f.client.mutation(commands.claimHuman, { orgId: …
     80|   await expect(f.t.mutation(anyApi['integrations/dispatch'].permit, { …
       |                                                                                                                                            ^
     81| });
     82|

⎯⎯⎯⎯⎯⎯⎯⎯⎯⎯⎯⎯⎯⎯⎯⎯⎯⎯⎯⎯⎯⎯⎯⎯[3/3]⎯


 Test Files  1 failed (1)
      Tests  3 failed | 5 passed (8)
   Start at  16:44:03
   Duration  417ms (tests 57%, transform 30%, import 12%, worker 1%)

