CONVEX_AGENT_MODE=anonymous mode is in beta, functionality may change in the future.
✔ Configured a local deployment for http://127.0.0.1:3560 and saved its:
    name as CONVEX_DEPLOYMENT
    client URL as CONVEX_URL
    HTTP actions URL as CONVEX_SITE_URL
 to .env.local
  Added ".env.local" to .gitignore

Write your Convex functions in convex
Give us feedback at https://convex.dev/community or support@convex.dev
View the Convex dashboard at null

▌ Developing against deployment:
▌ [Local] Port 3560 • No Convex account (run npx convex login to link to a project)
▌ └─ http://127.0.0.1:3560
- Preparing Convex functions...

Convex AI files are not installed. Run npx convex ai-files install to get started or npx convex ai-files disable to hide this message.
✔ Added table indexes:
  [+] messages.by_mailbox_id   mailbox, providerId, _creationTime
✔ 19:45:46 Convex functions ready! (197.97ms)
CONVEX_AGENT_MODE=anonymous mode is in beta, functionality may change in the future.
▌ Developing against deployment:
▌ [Local] Port 3560 • No Convex account (run npx convex login to link to a project)
▌ └─ http://127.0.0.1:3560
- Preparing Convex functions...

Convex AI files are not installed. Run npx convex ai-files install to get started or npx convex ai-files disable to hide this message.
✔ 19:45:47 Convex functions ready! (131.1ms)
CONVEX_AGENT_MODE=anonymous mode is in beta, functionality may change in the future.
▌ Developing against deployment:
▌ [Local] Port 3560 • No Convex account (run npx convex login to link to a project)
▌ └─ http://127.0.0.1:3560
- Preparing Convex functions...

Convex AI files are not installed. Run npx convex ai-files install to get started or npx convex ai-files disable to hide this message.
✔ 19:45:48 Convex functions ready! (133.35ms)
CONVEX_AGENT_MODE=anonymous mode is in beta, functionality may change in the future.
▌ Developing against deployment:
▌ [Local] Port 3560 • No Convex account (run npx convex login to link to a project)
▌ └─ http://127.0.0.1:3560
- Preparing Convex functions...

Convex AI files are not installed. Run npx convex ai-files install to get started or npx convex ai-files disable to hide this message.
✔ 19:45:49 Convex functions ready! (134.53ms)
