✔ unchanged release verifies only for its full commit and pinned manifest digest (2.885833ms)
✔ changed, missing and injected artifact bytes are refused (1.757125ms)
✔ verification invoked through a symlink checks the artifact and refuses changed bytes (64.773583ms)
✔ rewriting manifest checksums does not defeat the separately pinned digest (1.614292ms)
✔ version metadata must name the artifact commit (0.766458ms)
✔ symlink artifacts are refused instead of reading files outside the build (0.89425ms)
✔ failed real process halts checks before a later process can run (25.118083ms)
✔ successful real processes run in order (49.13875ms)
✔ persisted source cannot claim a UI-only snapshot exemption (0.228ms)
✔ missing metadata and destructive contraction are refused (0.100625ms)
✔ a rollback to a schema without the expanded fields is refused (0.13425ms)
✔ persisted preflight requires a receipt bound to release, schema, and manifest (0.5595ms)
✔ preflight refuses a receipt for any snapshot other than the expected backup (47.404333ms)
✔ UI-only artifacts can skip snapshot rehearsal without authorizing a deployment (0.057875ms)
✔ canonical snapshot data ignores JSONL order and catches changed documents (42.056333ms)
✔ verification subprocesses receive fixture config and cannot inherit provider secrets (24.930208ms)
✔ PR changes use their common ancestor when the target branch advances independently (312.61675ms)
✔ after the I1 freeze, rollback to code that predates I1 authority is refused (685.485542ms)
✖ a refused rollback floor says what failed: squash, shallow clone, missing pin, tree, missing core file (382.13225ms)
ℹ tests 19
ℹ suites 0
ℹ pass 18
ℹ fail 1
ℹ cancelled 0
ℹ skipped 0
ℹ todo 0
ℹ duration_ms 1688.65075

✖ failing tests:

test at ops/release/release.test.mjs:233:1
✖ a refused rollback floor says what failed: squash, shallow clone, missing pin, tree, missing core file (382.13225ms)
  AssertionError [ERR_ASSERTION]: The input did not match the regular expression /does not descend from the I1 floor commit.*predates I1, or I1 reached it by squash/. Input:
  
  'Rollback target predates the I1 authority core'
  
      at TestContext.<anonymous> (file:///Users/urkel/Documents/CodeMyVibe/Projects/remold-i1/ops/release/release.test.mjs:248:10)
      at Test.runInAsyncScope (node:async_hooks:227:14)
      at Test.run (node:internal/test_runner/test:1325:25)
      at Test.processPendingSubtests (node:internal/test_runner/test:911:18)
      at Test.postRun (node:internal/test_runner/test:1465:19)
      at Test.run (node:internal/test_runner/test:1390:12)
      at async Test.processPendingSubtests (node:internal/test_runner/test:911:7) {
    generatedMessage: true,
    code: 'ERR_ASSERTION',
    actual: 'Rollback target predates the I1 authority core',
    expected: /does not descend from the I1 floor commit.*predates I1, or I1 reached it by squash/,
    operator: 'match',
    diff: 'simple'
  }
[ELIFECYCLE] Command failed with exit code 1.
$ node --test ops/release/release.test.mjs
