
 RUN  v5.0.1 /Users/urkel/Documents/CodeMyVibe/Projects/remold-i1

 ❯ ops/authority/pagination.test.ts (10 tests | 1 failed) 592ms
   × the list path sorts and filters exactly like the index path, including ties, -0 and non-BMP text 114ms

 Test Files  1 failed | 16 passed (17)
      Tests  1 failed | 96 passed (97)
   Start at  08:55:22
   Duration  1.20s (tests 79%, transform 13%, import 8%, worker 1%)

[ELIFECYCLE] Command failed with exit code 1.
$ vitest run --config ops/authority/vitest.config.ts

⎯⎯⎯⎯⎯⎯⎯ Failed Tests 1 ⎯⎯⎯⎯⎯⎯⎯

 FAIL  ops/authority/pagination.test.ts > the list path sorts and filters exactly like the index path, including ties, -0 and non-BMP text
AssertionError: expected { nameAsc: { …(2) }, …(2) } to deeply equal {}

- Expected
+ Received

- {}
+ {
+   "amountMinus0": {
+     "expected": [],
+     "got": [
+       "0000000000000000000010060records",
+     ],
+   },
+   "nameAsc": {
+     "expected": [
+       "0000000000000000000010076records",
+       "0000000000000000000010080records",
+       "0000000000000000000010052records",
+       "0000000000000000000010064records",
+       "0000000000000000000010056records",
+       "0000000000000000000010048records",
+       "0000000000000000000010060records",
+       "0000000000000000000010072records",
+       "0000000000000000000010068records",
+     ],
+     "got": [
+       "0000000000000000000010076records",
+       "0000000000000000000010080records",
+       "0000000000000000000010052records",
+       "0000000000000000000010064records",
+       "0000000000000000000010056records",
+       "0000000000000000000010048records",
+       "0000000000000000000010060records",
+       "0000000000000000000010068records",
+       "0000000000000000000010072records",
+     ],
+   },
+   "nameDesc": {
+     "expected": [
+       "0000000000000000000010068records",
+       "0000000000000000000010072records",
+       "0000000000000000000010060records",
+       "0000000000000000000010048records",
+       "0000000000000000000010056records",
+       "0000000000000000000010064records",
+       "0000000000000000000010052records",
+       "0000000000000000000010080records",
+       "0000000000000000000010076records",
+     ],
+     "got": [
+       "0000000000000000000010072records",
+       "0000000000000000000010068records",
+       "0000000000000000000010060records",
+       "0000000000000000000010048records",
+       "0000000000000000000010056records",
+       "0000000000000000000010064records",
+       "0000000000000000000010052records",
+       "0000000000000000000010080records",
+       "0000000000000000000010076records",
+     ],
+   },
+ }

 ❯ ops/authority/pagination.test.ts:99:18


⎯⎯⎯⎯⎯⎯⎯⎯⎯⎯⎯⎯⎯⎯⎯⎯⎯⎯⎯⎯⎯⎯⎯⎯[1/1]⎯

