
 RUN  v5.0.1 /Users/urkel/Documents/CodeMyVibe/Projects/remold-i1

 ❯ ops/authority/inbox.test.ts (5 tests | 2 failed) 261ms
   × sharing requires deliberate human choice plus a separate current agent entitlement 25ms
   × old inbox compatibility is bounded to pre-freeze agents and rows, including absent audience on rollback writes 17ms

 Test Files  1 failed | 16 passed (17)
      Tests  2 failed | 95 passed (97)
   Start at  08:55:19
   Duration  1.43s (tests 80%, transform 12%, import 7%, worker 1%)

[ELIFECYCLE] Command failed with exit code 1.
$ vitest run --config ops/authority/vitest.config.ts

⎯⎯⎯⎯⎯⎯⎯ Failed Tests 2 ⎯⎯⎯⎯⎯⎯⎯

 FAIL  ops/authority/inbox.test.ts > sharing requires deliberate human choice plus a separate current agent entitlement
AssertionError: expected [] to deeply equal [ '0000000000000000010050agentInbox' ]

- Expected
+ Received

- [
-   "0000000000000000010050agentInbox",
- ]
+ []

 ❯ ops/authority/inbox.test.ts:25:75
     23|   expect((await call('GET', '/api/v1/inbox')).json).toEqual([]);
     24|   await f.client.mutation(api.agents.setSharedInbox, { orgId: f.orgId,…
     25|   expect((await call('GET', '/api/v1/inbox')).json.map((r: any) => r.i…
       |                                                                           ^
     26|   const before = await f.t.run(ctx => ctx.db.get(agent.agentId));
     27|   await f.client.mutation(api.agents.setSharedInbox, { orgId: f.orgId,…

⎯⎯⎯⎯⎯⎯⎯⎯⎯⎯⎯⎯⎯⎯⎯⎯⎯⎯⎯⎯⎯⎯⎯⎯[1/2]⎯

 FAIL  ops/authority/inbox.test.ts > old inbox compatibility is bounded to pre-freeze agents and rows, including absent audience on rollback writes
AssertionError: expected [] to deeply equal [ '0000000000000000010050agentInbox' ]

- Expected
+ Received

- [
-   "0000000000000000010050agentInbox",
- ]
+ []

 ❯ ops/authority/inbox.test.ts:53:75
     51|   });
     52|   await f.t.run(ctx => ctx.db.insert('agentInbox', { orgId: f.orgId, t…
     53|   expect((await call('GET', '/api/v1/inbox')).json.map((r: any) => r.i…
       |                                                                           ^
     54|   await f.t.mutation(anyApi['authority/migration'].migrateAgent, { age…
     55|   expect((await call('GET', '/api/v1/inbox')).json.map((r: any) => r.i…

⎯⎯⎯⎯⎯⎯⎯⎯⎯⎯⎯⎯⎯⎯⎯⎯⎯⎯⎯⎯⎯⎯⎯⎯[2/2]⎯

