
 RUN  v5.0.1 /Users/urkel/Documents/CodeMyVibe/Projects/remold-i1

 ❯ ops/authority/limits.test.ts (14 tests | 1 failed) 1154ms
   × suggestion lists and the agent summary ignore any number of hidden pending suggestions 38ms

 Test Files  1 failed | 16 passed (17)
      Tests  1 failed | 96 passed (97)
   Start at  08:55:10
   Duration  1.44s (tests 79%, transform 12%, import 8%, worker 1%)

[ELIFECYCLE] Command failed with exit code 1.
$ vitest run --config ops/authority/vitest.config.ts

⎯⎯⎯⎯⎯⎯⎯ Failed Tests 1 ⎯⎯⎯⎯⎯⎯⎯

 FAIL  ops/authority/limits.test.ts > suggestion lists and the agent summary ignore any number of hidden pending suggestions
AssertionError: expected [] to deeply equal [ '000000000000000010054suggestions' ]

- Expected
+ Received

- [
-   "000000000000000010054suggestions",
- ]
+ []

 ❯ ops/authority/limits.test.ts:126:110
    124|   await f.t.run(async (ctx: any) => { for (let i = 0; i < MANY; i++) a…
    125|   await restrictMember(f, [{ objectId: company.object._id, records: [m…
    126|   expect((await f.client.query(api.suggestions.list, { orgId: f.orgId …
       |                                                                                                              ^
    127|   const agent = await f.client.action(api.agents.createScoped, { orgId…
    128|   await grant(f, agent.agentId, company.object._id, [mine], Object.val…

⎯⎯⎯⎯⎯⎯⎯⎯⎯⎯⎯⎯⎯⎯⎯⎯⎯⎯⎯⎯⎯⎯⎯⎯[1/1]⎯

