
 RUN  v5.0.1 /Users/urkel/Documents/CodeMyVibe/Projects/remold-i1

 ❯ ops/authority/limits.test.ts (14 tests | 1 failed) 1065ms
   × the daily list keeps looking past done tasks until it has open ones 20ms

 Test Files  1 failed | 16 passed (17)
      Tests  1 failed | 96 passed (97)
   Start at  08:55:02
   Duration  1.31s (tests 79%, transform 12%, import 8%, worker 1%)

[ELIFECYCLE] Command failed with exit code 1.
$ vitest run --config ops/authority/vitest.config.ts

⎯⎯⎯⎯⎯⎯⎯ Failed Tests 1 ⎯⎯⎯⎯⎯⎯⎯

 FAIL  ops/authority/limits.test.ts > the daily list keeps looking past done tasks until it has open ones
AssertionError: expected [] to deeply equal [ '0000000000000000000010168records' ]

- Expected
+ Received

- [
-   "0000000000000000000010168records",
- ]
+ []

 ❯ ops/authority/limits.test.ts:164:105
    162|   for (let i = 0; i < 60; i++) await create('Done ' + i, today - 2 * D…
    163|   const open = await create('Open', today, false);
    164|   expect((await f.client.query(api.today.get, { orgId: f.orgId, today …
       |                                                                                                         ^
    165| });
    166|

⎯⎯⎯⎯⎯⎯⎯⎯⎯⎯⎯⎯⎯⎯⎯⎯⎯⎯⎯⎯⎯⎯⎯⎯[1/1]⎯

