
 RUN  v5.0.1 /Users/urkel/Documents/CodeMyVibe/Projects/remold-i1

 ❯ ops/authority/limits.test.ts (14 tests | 1 failed) 1102ms
   × agent related through a links field fills its limit with readable records 42ms

 Test Files  1 failed | 16 passed (17)
      Tests  1 failed | 96 passed (97)
   Start at  08:54:46
   Duration  1.38s (tests 79%, transform 13%, import 8%, worker 1%)

[ELIFECYCLE] Command failed with exit code 1.
$ vitest run --config ops/authority/vitest.config.ts

⎯⎯⎯⎯⎯⎯⎯ Failed Tests 1 ⎯⎯⎯⎯⎯⎯⎯

 FAIL  ops/authority/limits.test.ts > agent related through a links field fills its limit with readable records
AssertionError: expected [] to deeply equal [ '0000000000000000000010350records' ]

- Expected
+ Received

- [
-   "0000000000000000000010350records",
- ]
+ []

 ❯ ops/authority/limits.test.ts:73:64
     71| }, 30000);
     72| it('agent related through a links field fills its limit with readable …
     73|   const w = await relatedWorld('links'); expect(await w.ids()).toEqual…
       |                                                                ^
     74| }, 30000);
     75|

⎯⎯⎯⎯⎯⎯⎯⎯⎯⎯⎯⎯⎯⎯⎯⎯⎯⎯⎯⎯⎯⎯⎯⎯[1/1]⎯

