$ node run.mjs
CONVEX_AGENT_MODE=anonymous mode is in beta, functionality may change in the future.
✔ Configured a local deployment for http://127.0.0.1:3410 and saved its:
    client URL as CONVEX_URL
    HTTP actions URL as CONVEX_SITE_URL
 to .env.local

Write your Convex functions in convex
Give us feedback at https://convex.dev/community or support@convex.dev
View the Convex dashboard at http://127.0.0.1:6790/

▌ Developing against deployment:
▌ [Local] Port 3410 • No Convex account (run npx convex login to link to a project)
▌ └─ http://127.0.0.1:3410
- Preparing Convex functions...

Convex AI files are not installed. Run npx convex ai-files install to get started or npx convex ai-files disable to hide this message.
✔ 13:57:39 Convex functions ready! (761.82ms)
✖ Failed to run function "harness:seed":
Error: [Request ID: a1c94aa50d861023] Server Error
ArgumentValidationError: Object is missing the required field `run`. Consider wrapping the field validator in `v.optional(...)` if this is expected.

Object: {}
Validator: v.object({run: v.string()})
node:internal/errors:985
  const err = new Error(message);
              ^

Error: Command failed: /Users/urkel/.nvm/versions/node/v24.18.0/bin/node ../../node_modules/convex/bin/main.js run harness:seed {}
✖ Failed to run function "harness:seed":
Error: [Request ID: a1c94aa50d861023] Server Error
ArgumentValidationError: Object is missing the required field `run`. Consider wrapping the field validator in `v.optional(...)` if this is expected.

Object: {}
Validator: v.object({run: v.string()})

    at genericNodeError (node:internal/errors:985:15)
    at wrappedFn (node:internal/errors:539:14)
    at checkExecSyncError (node:child_process:925:11)
    at execFileSync (node:child_process:961:15)
    at file:///Users/urkel/Documents/CodeMyVibe/Projects/remold/proofs/contract/replay.mjs:3:27
    at ModuleJob.run (node:internal/modules/esm/module_job:439:25)
    at async node:internal/modules/esm/loader:643:26
    at async asyncRunEntryPointWithESMLoader (node:internal/modules/run_main:101:5) {
  status: 1,
  signal: null,
  output: [
    null,
    '',
    '✖ Failed to run function "harness:seed":\n' +
      'Error: [Request ID: a1c94aa50d861023] Server Error\n' +
      'ArgumentValidationError: Object is missing the required field `run`. Consider wrapping the field validator in `v.optional(...)` if this is expected.\n' +
      '\n' +
      'Object: {}\n' +
      'Validator: v.object({run: v.string()})\n'
  ],
  pid: 65557,
  stdout: '',
  stderr: '✖ Failed to run function "harness:seed":\n' +
    'Error: [Request ID: a1c94aa50d861023] Server Error\n' +
    'ArgumentValidationError: Object is missing the required field `run`. Consider wrapping the field validator in `v.optional(...)` if this is expected.\n' +
    '\n' +
    'Object: {}\n' +
    'Validator: v.object({run: v.string()})\n'
}

Node.js v24.18.0
Command `node replay.mjs` exited with code 1
[ELIFECYCLE] Command failed with exit code 1.
