$ node run.mjs
CONVEX_AGENT_MODE=anonymous mode is in beta, functionality may change in the future.
▌ Developing against deployment:
▌ [Local] Port 3410 • No Convex account (run npx convex login to link to a project)
▌ └─ http://127.0.0.1:3410
- Preparing Convex functions...

Convex AI files are not installed. Run npx convex ai-files install to get started or npx convex ai-files disable to hide this message.
✔ 14:21:25 Convex functions ready! (758.64ms)
PASS A/B known-ID isolation, server-derived actors and full binding tuple collision
PASS Grant scopes reject foreign bindings, currencies, record masks and unrelated delegation
PASS Explicit manage lists cannot authorize firing or regranting an ancestor
PASS Direct mode executes without human approval; propose mode and invalidated direct grant refuse
PASS Delegation ancestry revokes queued/read/model paths while independent human grant survives
PASS Read scopes restrict object/records/fields and every SIM surface has a leakable shape
PASS Final permit rechecks expired authority without a sweep and honors schedule
PASS Before-permit fire refuses; after-permit fire preserves one late outcome
PASS Scoped adapter cannot permit, consume, reconcile, callback or provision in B
PASS Lost acceptance response reconciles once; missing usage blocks cheaper new spend
PASS Concurrent logical calls/claims and org budget reservations serialize on real backend
PASS Per-run/global spend and global concurrency caps bound both tenants
PASS Model continuation rechecks authority, step/fence and remaining exposure
AssertionError [ERR_ASSERTION]: Expected values to be strictly equal:
+ actual - expected

+ 'queued'
- 'outcomeUnknown'

    at file:///Users/urkel/Documents/CodeMyVibe/Projects/remold/proofs/contract/replay.mjs:115:529
    at process.processTicksAndRejections (node:internal/process/task_queues:104:5)
    at async test (file:///Users/urkel/Documents/CodeMyVibe/Projects/remold/proofs/contract/replay.mjs:14:30)
    at async main (file:///Users/urkel/Documents/CodeMyVibe/Projects/remold/proofs/contract/replay.mjs:114:2)
    at async file:///Users/urkel/Documents/CodeMyVibe/Projects/remold/proofs/contract/replay.mjs:147:5 {
  generatedMessage: true,
  code: 'ERR_ASSERTION',
  actual: 'queued',
  expected: 'outcomeUnknown',
  operator: 'strictEqual',
  diff: 'simple'
}
Command `node replay.mjs` exited with code 1
[ELIFECYCLE] Command failed with exit code 1.
