$ node run.mjs
CONVEX_AGENT_MODE=anonymous mode is in beta, functionality may change in the future.
Downloading Convex backend binary
✔ Configured a local deployment for http://127.0.0.1:3210 and saved its:
    name as CONVEX_DEPLOYMENT
    client URL as CONVEX_URL
    HTTP actions URL as CONVEX_SITE_URL
 to .env.local

Write your Convex functions in convex
Give us feedback at https://convex.dev/community or support@convex.dev
View the Convex dashboard at null

▌ Developing against deployment:
▌ [Local] Port 3210 • No Convex account (run npx convex login to link to a project)
▌ └─ http://127.0.0.1:3210
Convex AI files are not installed. Run npx convex ai-files install to get started or npx convex ai-files disable to hide this message.
Downloading Convex dashboard
- Preparing Convex functions...

No `tsc` binary found, so skipping typecheck.
To ignore failing typecheck, use `--typecheck=disable`.
- Preparing Convex functions...

No `tsc` binary found, so skipping typecheck.
To ignore failing typecheck, use `--typecheck=disable`.
[ELIFECYCLE] Command failed with exit code 1.
