PASS Real JWT verification derives human identity and rejects invalid audience and expired tokens
PASS Production dispatch records cancelled late acceptance exactly once
PASS Invalid provider and secret references fail closed
node:internal/modules/run_main:107
    triggerUncaughtException(
    ^

AssertionError [ERR_ASSERTION]: backend/function log leaked secret
    at file:///Users/urkel/Documents/CodeMyVibe/Projects/remold-i1/ops/authority/service-secrets.mjs:92:14
    at process.processTicksAndRejections (node:internal/process/task_queues:104:5)
    at async test (file:///Users/urkel/Documents/CodeMyVibe/Projects/remold-i1/ops/authority/service.mjs:21:76)
    at async Object.replaySecrets [as secrets] (file:///Users/urkel/Documents/CodeMyVibe/Projects/remold-i1/ops/authority/service-secrets.mjs:53:3)
    at async withAuthority.safetySim (file:///Users/urkel/Documents/CodeMyVibe/Projects/remold-i1/ops/authority/service.mjs:56:84)
    at async withAuthority (file:///Users/urkel/Documents/CodeMyVibe/Projects/remold-i1/ops/authority/local.mjs:75:20)
    at async file:///Users/urkel/Documents/CodeMyVibe/Projects/remold-i1/ops/authority/service.mjs:17:16 {
  generatedMessage: false,
  code: 'ERR_ASSERTION',
  actual: false,
  expected: true,
  operator: '==',
  diff: 'simple'
}

Node.js v24.18.0
